ASxxxx Linker V03.00 + NoICE + sdld,  page 1.
Hexadecimal  [32-Bits]

Area                       Addr        Size        Decimal Bytes (Attributes)
--------------------       ----        ----        ------- ----- ------------
.  .ABS.               00000000    00000000 =           0. bytes (ABS,CON)

        Value  Global            Value  Global            Value  Global    
        -----  ------            -----  ------            -----  ------    
     00000000  .__.ABS.  |    00000000  ___bank_T |    00000000  _rRAMG   
     00000000  l__BASE   |    00000000  l__BSS    |    00000000  l__CABS  
     00000000  l__CODE_2 |    00000000  l__DABS   |    00000000  l__HEADER
     00000000  l__HEADER |    00000000  l__HEAP   |    00000000  l__HEAP_E
     00000000  l__HRAM   |    00000000  l__LIT    |    00000000  s__CABS  
     00000000  s__DABS   |    00000000  s__HEADER |    00000000  s__HEADER
     00000000  s__HEADER |    00000000  s__HEADER |    00000000  s__HEADER
     00000000  s__HEADER |    00000000  s__HEADER |    00000000  s__HEADER
     00000000  s__HEADER |    00000000  s__HEADER |    00000000  s__HEADER
     00000000  s__HEADER |    00000000  s__HEADER |    00000000  s__HEADER
     00000000  s__HEADER |    00000000  s__HEADER |    00000000  s__HEADER
     00000000  s__HEADER |    00000000  s__HEADER |    00000000  s__HEADER
     00000000  s__HEADER |    00000000  s__HRAM   |    00000000  s__HRAM12
     00000001  ___bank_F |    00000001  ___bank_F |    00000001  ___bank_F
     00000001  ___bank_F |    00000001  ___bank_F |    00000001  ___bank_I
     00000001  ___bank_I |    00000001  ___bank_I |    00000001  ___bank_T
     00000001  ___bank_T |    00000001  ___bank_W |    00000001  ___bank_d
     00000001  ___bank_d |    00000001  ___bank_d |    00000001  ___bank_m
     00000001  ___bank_s |    00000001  ___bank_s |    00000001  ___bank_s
     00000001  ___bank_t |    00000001  ___bank_t |    00000001  b_loadFon
     00000001  l__GSFINA |    00000001  l__HEADER |    00000001  l__HEADER
     00000001  l__HEADER |    00000001  l__HEADER |    00000001  l__HEADER
     00000001  l__HEADER |    00000001  l__HEADER |    00000002  ___bank_s
     00000002  l__HEADER |    00000002  l__HEADER |    00000002  l__HEADER
     00000003  l__HEADER |    00000003  l__HRAM12 |    00000005  l__HEADER
     00000006  l__HEADER |    00000006  l__HEADER |    00000007  l__HEADER
     00000008  l__HEADER |    0000000B  G$__mute_ |    0000000B  G$__mute_
     0000000B  G$__mute_ |    0000000B  ___mute_m |    0000000B  ___mute_m
     0000000B  ___mute_m |    0000000C  l__GSINIT |    00000030  l__HEADER
     0000004C  l__HEADER |    00000084  l__HEADER |    000000FF  ___bank_D
     000000FF  ___bank_D |    00000106  l__DATA   |    000001FB  l__INITIA
     000001FB  l__INITIA |    00000200  s__CODE   |    0000038E  l__CODE_2
     0000056D  l__HOME   |    0000057A  l__CODE_0 |    00000C8B  l__CODE  
     00000E8B  s__HOME   |    000013F8  s__BASE   |    000013F8  s__CODE_0
     00001972  s__INITIA |    00001972  s__LIT    |    00001B6D  s__GSINIT
     00001B79  s__GSFINA |    00002000  _rROMB0   |    00003000  _rROMB1  
     000030B7  l__CODE_1 |    00004000  _rRAMB    |    00008000  __VRAM   
     00008000  __VRAM800 |    00008800  __VRAM880 |    00009000  __VRAM900
     00009800  __SCRN0   |    00009C00  __SCRN1   |    0000A000  __SRAM   
     0000C000  __RAM     |    0000C000  _shadow_O |    0000C0A0  s__DATA  
     0000C1A6  s__BSS    |    0000C1A6  s__INITIA |    0000C3A1  s__HEAP  
     0000C3A1  s__HEAP_E |    0000D000  __RAMBANK |    0000E000  .STACK   
     0000FE00  __OAMRAM  |    0000FF00  _P1_REG   |    0000FF00  __IO     
     0000FF01  _SB_REG   |    0000FF02  _SC_REG   |    0000FF04  _DIV_REG 
     0000FF05  _TIMA_REG |    0000FF06  _TMA_REG  |    0000FF07  _TAC_REG 
     0000FF0F  _IF_REG   |    0000FF10  _NR10_REG |    0000FF11  _NR11_REG
     0000FF12  _NR12_REG |    0000FF13  _NR13_REG |    0000FF14  _NR14_REG
     0000FF16  _NR21_REG |    0000FF17  _NR22_REG |    0000FF18  _NR23_REG
     0000FF19  _NR24_REG |    0000FF1A  _NR30_REG |    0000FF1B  _NR31_REG
     0000FF1C  _NR32_REG |    0000FF1D  _NR33_REG |    0000FF1E  _NR34_REG
ASxxxx Linker V03.00 + NoICE + sdld,  page 2.
Hexadecimal  [32-Bits]

Area                       Addr        Size        Decimal Bytes (Attributes)
--------------------       ----        ----        ------- ----- ------------
.  .ABS.               00000000    00000000 =           0. bytes (ABS,CON)

        Value  Global            Value  Global            Value  Global    
        -----  ------            -----  ------            -----  ------    
     0000FF20  _NR41_REG |    0000FF21  _NR42_REG |    0000FF22  _NR43_REG
     0000FF23  _NR44_REG |    0000FF24  _NR50_REG |    0000FF25  _NR51_REG
     0000FF26  _NR52_REG |    0000FF30  _AUD3WAVE |    0000FF30  _PCM_SAMP
     0000FF30  __AUD3WAV |    0000FF40  _LCDC_REG |    0000FF41  _STAT_REG
     0000FF42  _SCY_REG  |    0000FF43  _SCX_REG  |    0000FF44  _LY_REG  
     0000FF45  _LYC_REG  |    0000FF46  _DMA_REG  |    0000FF47  _BGP_REG 
     0000FF48  _OBP0_REG |    0000FF49  _OBP1_REG |    0000FF4A  _WY_REG  
     0000FF4B  _WX_REG   |    0000FF4D  _KEY1_REG |    0000FF4F  _VBK_REG 
     0000FF51  _HDMA1_RE |    0000FF52  _HDMA2_RE |    0000FF53  _HDMA3_RE
     0000FF54  _HDMA4_RE |    0000FF55  _HDMA5_RE |    0000FF56  _RP_REG  
     0000FF68  _BCPS_REG |    0000FF69  _BCPD_REG |    0000FF6A  _OCPS_REG
     0000FF6B  _OCPD_REG |    0000FF70  _SVBK_REG |    0000FF76  _PCM12_RE
     0000FF77  _PCM34_RE |    0000FF80  .refresh_ |    0000FF80  __HRAM   
     0000FFFF  _IE_REG   |    00014000  s__CODE_1 |    00024000  s__CODE_2
     00FF4000  s__CODE_2
ASxxxx Linker V03.00 + NoICE + sdld,  page 3.
Hexadecimal  [32-Bits]

Area                       Addr        Size        Decimal Bytes (Attributes)
--------------------       ----        ----        ------- ----- ------------
_CODE                  00000200    00000C8B =        3211. bytes (REL,CON)

        Value  Global            Value  Global            Value  Global    
        -----  ------            -----  ------            -----  ------    
     00000200  C$Toggle1 |    00000200  G$Toggle1 |    00000200  G$__func_
     00000200  _Toggle1x |    00000200  ___func_T |    00000280  A$musicma
     00000280  C$musicma |    00000280  G$music_p |    00000280  _music_pa
     00000281  A$musicma |    00000284  A$musicma |    00000285  A$musicma
     00000286  A$musicma |    00000287  A$musicma |    00000288  A$musicma
     00000289  A$musicma |    0000028B  A$musicma |    0000028C  A$musicma
     0000028E  A$musicma |    0000028F  A$musicma |    00000291  A$musicma
     00000292  A$musicma |    00000294  A$musicma |    00000296  A$musicma
     00000298  A$musicma |    0000029A  A$musicma |    0000029C  A$musicma
     0000029E  A$musicma |    000002A0  A$musicma |    000002A2  A$musicma
     000002A4  A$musicma |    000002A4  C$musicma |    000002A4  C$musicma
     000002A4  XG$music_ |    000002A5  A$vwf$123 |    000002A5  C$vwf.c$4
     000002A5  C$vwf.c$4 |    000002A5  G$vwf_set |    000002A5  _vwf_set_
     000002A6  A$vwf$124 |    000002A8  A$vwf$125 |    000002AB  A$vwf$126
     000002AD  A$vwf$128 |    000002B0  A$vwf$130 |    000002B3  A$vwf$131
     000002B4  A$vwf$132 |    000002B5  A$vwf$133 |    000002B6  A$vwf$141
     000002B6  C$vwf.c$4 |    000002B6  XG$vwf_se |    000002B7  A$vwf$151
     000002B7  C$vwf.c$4 |    000002B7  G$vwf_pri |    000002B7  _vwf_prin
     000002BA  A$vwf$155 |    000002BA  C$vwf.c$4 |    000002BD  A$vwf$156
     000002BF  A$vwf$160 |    000002BF  C$vwf.c$5 |    000002C2  A$vwf$171
     000002C2  C$vwf.c$5 |    000002C2  C$vwf.c$5 |    000002C2  XG$vwf_pr
     000002C5  A$vwf$181 |    000002C5  C$vwf.c$5 |    000002C5  G$vwf_pri
     000002C5  _vwf_prin |    000002C7  A$vwf$182 |    000002C8  A$vwf$186
     000002C8  C$vwf.c$5 |    000002CB  A$vwf$187 |    000002CC  A$vwf$188
     000002CD  A$vwf$189 |    000002D0  A$vwf$191 |    000002D2  A$vwf$192
     000002D4  A$vwf$193 |    000002D7  A$vwf$194 |    000002D9  A$vwf$196
     000002DC  A$vwf$198 |    000002DD  A$vwf$201 |    000002DF  A$vwf$204
     000002E0  A$vwf$205 |    000002E1  A$vwf$206 |    000002E2  A$vwf$207
     000002E3  A$vwf$208 |    000002E4  A$vwf$209 |    000002E5  A$vwf$210
     000002E6  A$vwf$211 |    000002E7  A$vwf$212 |    000002E8  A$vwf$213
     000002E9  A$vwf$214 |    000002EA  A$vwf$215 |    000002EB  A$vwf$216
     000002EE  A$vwf$217 |    000002EF  A$vwf$220 |    000002F0  A$vwf$221
     000002F1  A$vwf$222 |    000002F2  A$vwf$223 |    000002F3  A$vwf$224
     000002F6  A$vwf$225 |    000002F8  A$vwf$226 |    000002FA  A$vwf$227
     000002FB  A$vwf$231 |    000002FB  C$vwf.c$5 |    000002FE  A$vwf$232
     000002FF  A$vwf$233 |    00000300  A$vwf$234 |    00000301  A$vwf$235
     00000303  A$vwf$236 |    00000304  A$vwf$237 |    00000306  A$vwf$238
     00000307  A$vwf$239 |    00000308  A$vwf$240 |    00000309  A$vwf$241
     0000030A  A$vwf$242 |    0000030B  A$vwf$243 |    0000030C  A$vwf$244
     0000030E  A$vwf$245 |    0000030F  A$vwf$246 |    00000310  A$vwf$247
     00000311  A$vwf$251 |    00000311  C$vwf.c$5 |    00000314  A$vwf$252
     00000316  A$vwf$253 |    00000319  A$vwf$257 |    00000319  C$vwf.c$5
     0000031C  A$vwf$258 |    0000031D  A$vwf$259 |    0000031E  A$vwf$260
     0000031F  A$vwf$261 |    00000321  A$vwf$262 |    00000322  A$vwf$263
     00000324  A$vwf$264 |    00000325  A$vwf$265 |    00000326  A$vwf$266
     00000327  A$vwf$267 |    0000032A  A$vwf$268 |    0000032B  A$vwf$269
     0000032C  A$vwf$270 |    0000032D  A$vwf$271 |    00000330  A$vwf$272
     00000332  A$vwf$276 |    00000332  C$vwf.c$5 |    00000334  A$vwf$277
     00000337  A$vwf$278 |    00000338  A$vwf$279 |    0000033A  A$vwf$283
     0000033A  C$vwf.c$6 |    0000033B  A$vwf$284 |    0000033C  A$vwf$285
ASxxxx Linker V03.00 + NoICE + sdld,  page 4.
Hexadecimal  [32-Bits]

Area                       Addr        Size        Decimal Bytes (Attributes)
--------------------       ----        ----        ------- ----- ------------
_CODE                  00000200    00000C8B =        3211. bytes (REL,CON)

        Value  Global            Value  Global            Value  Global    
        -----  ------            -----  ------            -----  ------    
     0000033E  A$vwf$286 |    0000033F  A$vwf$287 |    00000340  A$vwf$288
     00000342  A$vwf$290 |    00000344  A$vwf$292 |    00000345  A$vwf$293
     00000347  A$vwf$294 |    0000034A  A$vwf$295 |    0000034B  A$vwf$296
     0000034C  A$vwf$297 |    0000034D  A$vwf$298 |    0000034E  A$vwf$299
     00000351  A$vwf$300 |    00000352  A$vwf$301 |    00000354  A$vwf$303
     00000356  A$vwf$304 |    00000358  A$vwf$306 |    00000359  A$vwf$307
     0000035B  A$vwf$308 |    0000035C  A$vwf$309 |    0000035D  A$vwf$310
     00000360  A$vwf$314 |    00000360  C$vwf.c$6 |    00000363  A$vwf$315
     00000364  A$vwf$319 |    00000364  C$vwf.c$6 |    00000367  A$vwf$320
     00000368  A$vwf$321 |    00000369  A$vwf$322 |    0000036C  A$vwf$323
     0000036D  A$vwf$324 |    0000036E  A$vwf$325 |    00000370  A$vwf$326
     00000371  A$vwf$327 |    00000372  A$vwf$330 |    00000373  A$vwf$333
     00000374  A$vwf$334 |    00000377  A$vwf$335 |    00000378  A$vwf$336
     0000037B  A$vwf$337 |    0000037D  A$vwf$338 |    0000037E  A$vwf$339
     0000037F  A$vwf$343 |    0000037F  C$vwf.c$6 |    00000382  A$vwf$344
     00000383  A$vwf$345 |    00000384  A$vwf$346 |    00000386  A$vwf$347
     00000387  A$vwf$348 |    00000389  A$vwf$352 |    00000389  C$vwf.c$6
     0000038B  A$vwf$353 |    0000038C  A$vwf$354 |    0000038E  A$vwf$355
     00000391  A$vwf$359 |    00000391  C$vwf.c$6 |    00000392  A$vwf$360
     00000394  A$vwf$361 |    00000395  A$vwf$362 |    00000396  A$vwf$363
     00000399  A$vwf$364 |    0000039A  A$vwf$365 |    0000039C  A$vwf$367
     0000039E  A$vwf$368 |    000003A0  A$vwf$370 |    000003A1  A$vwf$371
     000003A3  A$vwf$372 |    000003A4  A$vwf$373 |    000003A7  A$vwf$377
     000003A7  C$vwf.c$6 |    000003A8  A$vwf$378 |    000003A9  A$vwf$379
     000003AC  A$vwf$380 |    000003AD  A$vwf$381 |    000003AE  A$vwf$382
     000003B0  A$vwf$383 |    000003B1  A$vwf$384 |    000003B2  A$vwf$387
     000003B3  A$vwf$390 |    000003B4  A$vwf$391 |    000003B7  A$vwf$392
     000003B8  A$vwf$393 |    000003BB  A$vwf$394 |    000003BD  A$vwf$395
     000003BE  A$vwf$396 |    000003BF  A$vwf$401 |    000003BF  C$vwf.c$6
     000003C0  A$vwf$402 |    000003C3  A$vwf$403 |    000003C4  A$vwf$404
     000003C5  A$vwf$408 |    000003C5  C$vwf.c$7 |    000003C7  A$vwf$409
     000003C8  A$vwf$410 |    000003CA  A$vwf$414 |    000003CA  C$vwf.c$7
     000003CB  A$vwf$415 |    000003CD  A$vwf$419 |    000003CD  C$vwf.c$7
     000003CE  A$vwf$420 |    000003CF  A$vwf$421 |    000003D1  A$vwf$422
     000003D4  A$vwf$423 |    000003D6  A$vwf$425 |    000003D9  A$vwf$427
     000003DA  A$vwf$428 |    000003DB  A$vwf$429 |    000003DC  A$vwf$430
     000003DD  A$vwf$431 |    000003E0  A$vwf$432 |    000003E1  A$vwf$433
     000003E2  A$vwf$434 |    000003E5  A$vwf$435 |    000003E7  A$vwf$439
     000003E7  C$vwf.c$7 |    000003EA  A$vwf$440 |    000003EB  A$vwf$444
     000003EB  C$vwf.c$7 |    000003EE  A$vwf$448 |    000003EE  C$vwf.c$7
     000003F0  A$vwf$449 |    000003F2  A$vwf$454 |    000003F2  C$vwf.c$7
     000003F3  A$vwf$455 |    000003F5  A$vwf$456 |    000003F6  A$vwf$457
     000003F7  A$vwf$458 |    000003FA  A$vwf$459 |    000003FB  A$vwf$460
     000003FC  A$vwf$461 |    000003FF  A$vwf$462 |    00000401  A$vwf$466
     00000401  C$vwf.c$7 |    00000402  A$vwf$467 |    00000404  A$vwf$472
     00000404  C$vwf.c$8 |    00000407  A$vwf$473 |    00000408  A$vwf$474
     00000409  A$vwf$475 |    0000040C  A$vwf$476 |    0000040D  A$vwf$477
     0000040E  A$vwf$478 |    00000410  A$vwf$479 |    00000411  A$vwf$480
     00000412  A$vwf$481 |    00000413  A$vwf$482 |    00000414  A$vwf$483
     00000416  A$vwf$484 |    00000417  A$vwf$485 |    00000418  A$vwf$486
     00000419  A$vwf$487 |    0000041A  A$vwf$488 |    0000041D  A$vwf$489
ASxxxx Linker V03.00 + NoICE + sdld,  page 5.
Hexadecimal  [32-Bits]

Area                       Addr        Size        Decimal Bytes (Attributes)
--------------------       ----        ----        ------- ----- ------------
_CODE                  00000200    00000C8B =        3211. bytes (REL,CON)

        Value  Global            Value  Global            Value  Global    
        -----  ------            -----  ------            -----  ------    
     0000041F  A$vwf$493 |    0000041F  C$vwf.c$8 |    00000422  A$vwf$494
     00000424  A$vwf$498 |    00000424  C$vwf.c$8 |    00000426  A$vwf$503
     00000428  A$vwf$508 |    00000428  C$vwf.c$8 |    00000428  XG$vwf_pr
     00000429  A$vwf$518 |    00000429  C$vwf.c$8 |    00000429  G$vwf_dra
     00000429  _vwf_draw |    0000042A  A$vwf$522 |    0000042A  C$vwf.c$9
     0000042B  A$vwf$525 |    0000042D  A$vwf$528 |    0000042E  A$vwf$529
     0000042F  A$vwf$530 |    00000430  A$vwf$531 |    00000431  A$vwf$532
     00000432  A$vwf$533 |    00000433  A$vwf$534 |    00000434  A$vwf$535
     00000435  A$vwf$536 |    00000438  A$vwf$537 |    00000439  A$vwf$538
     0000043A  A$vwf$539 |    0000043B  A$vwf$540 |    0000043C  A$vwf$541
     0000043D  A$vwf$542 |    0000043E  A$vwf$543 |    0000043F  A$vwf$546
     00000441  A$vwf$549 |    00000442  A$vwf$550 |    00000443  A$vwf$551
     00000444  A$vwf$552 |    00000447  A$vwf$553 |    00000448  A$vwf$554
     00000449  A$vwf$555 |    0000044A  A$vwf$556 |    0000044D  A$vwf$557
     0000044E  A$vwf$558 |    0000044F  A$vwf$559 |    00000450  A$vwf$563
     00000450  C$vwf.c$9 |    00000452  A$vwf$564 |    00000453  A$vwf$565
     00000456  A$vwf$566 |    00000458  A$vwf$567 |    00000459  A$vwf$568
     0000045C  A$vwf$572 |    0000045C  C$vwf.c$9 |    0000045E  A$vwf$573
     0000045F  A$vwf$574 |    00000462  A$vwf$579 |    00000462  C$vwf.c$9
     00000465  A$vwf$580 |    00000466  A$vwf$583 |    00000469  A$vwf$584
     0000046A  A$vwf$587 |    0000046B  A$vwf$588 |    0000046C  A$vwf$589
     0000046D  A$vwf$590 |    00000470  A$vwf$594 |    00000470  C$vwf.c$9
     00000473  A$vwf$595 |    00000474  A$vwf$596 |    00000475  A$vwf$597
     00000476  A$vwf$598 |    00000477  A$vwf$602 |    00000478  A$vwf$603
     00000479  A$vwf$604 |    0000047B  A$vwf$608 |    0000047B  C$vwf.c$1
     0000047E  A$vwf$609 |    0000047F  A$vwf$610 |    00000480  A$vwf$614
     00000480  C$vwf.c$9 |    00000481  A$vwf$615 |    00000483  A$vwf$616
     00000485  A$vwf$617 |    00000487  A$vwf$618 |    00000489  A$vwf$619
     0000048B  A$vwf$620 |    0000048D  A$vwf$621 |    00000490  A$vwf$629
     00000490  C$vwf.c$9 |    00000490  C$vwf.c$9 |    00000493  A$vwf$630
     00000494  A$vwf$631 |    00000495  A$vwf$632 |    00000496  A$vwf$633
     00000497  A$vwf$634 |    00000498  A$vwf$637 |    0000049B  A$vwf$638
     0000049C  A$vwf$641 |    0000049D  A$vwf$642 |    000004A0  A$vwf$646
     000004A0  C$vwf.c$9 |    000004A3  A$vwf$654 |    000004A3  C$vwf.c$1
     000004A3  C$vwf.c$9 |    000004A6  A$vwf$655 |    000004A7  A$vwf$656
     000004A8  A$vwf$657 |    000004A9  A$vwf$658 |    000004AA  A$vwf$659
     000004AB  A$vwf$662 |    000004AE  A$vwf$663 |    000004AF  A$vwf$666
     000004B0  A$vwf$668 |    000004B2  A$vwf$671 |    000004B3  A$vwf$672
     000004B4  A$vwf$673 |    000004B5  A$vwf$674 |    000004B6  A$vwf$675
     000004B7  A$vwf$676 |    000004B8  A$vwf$677 |    000004B9  A$vwf$678
     000004BC  A$vwf$679 |    000004BD  A$vwf$680 |    000004BE  A$vwf$681
     000004BF  A$vwf$682 |    000004C0  A$vwf$683 |    000004C1  A$vwf$684
     000004C2  A$vwf$685 |    000004C5  A$vwf$686 |    000004C6  A$vwf$687
     000004C8  A$vwf$688 |    000004C9  A$vwf$689 |    000004CA  A$vwf$691
     000004CD  A$vwf$692 |    000004CE  A$vwf$695 |    000004D1  A$vwf$696
     000004D2  A$vwf$699 |    000004D3  A$vwf$701 |    000004D5  A$vwf$704
     000004D6  A$vwf$705 |    000004D7  A$vwf$706 |    000004D8  A$vwf$707
     000004DB  A$vwf$708 |    000004DC  A$vwf$709 |    000004DD  A$vwf$710
     000004DE  A$vwf$711 |    000004E1  A$vwf$712 |    000004E2  A$vwf$713
     000004E3  A$vwf$714 |    000004E4  A$vwf$718 |    000004E4  C$vwf.c$1
     000004E7  A$vwf$719 |    000004E8  A$vwf$720 |    000004EB  A$vwf$721
ASxxxx Linker V03.00 + NoICE + sdld,  page 6.
Hexadecimal  [32-Bits]

Area                       Addr        Size        Decimal Bytes (Attributes)
--------------------       ----        ----        ------- ----- ------------
_CODE                  00000200    00000C8B =        3211. bytes (REL,CON)

        Value  Global            Value  Global            Value  Global    
        -----  ------            -----  ------            -----  ------    
     000004EC  A$vwf$722 |    000004EF  A$vwf$726 |    000004EF  C$vwf.c$1
     000004F1  A$vwf$734 |    000004F1  C$vwf.c$1 |    000004F1  C$vwf.c$1
     000004F4  A$vwf$735 |    000004F5  A$vwf$736 |    000004F6  A$vwf$737
     000004F7  A$vwf$738 |    000004F8  A$vwf$739 |    000004F9  A$vwf$740
     000004FA  A$vwf$741 |    000004FB  A$vwf$742 |    000004FC  A$vwf$743
     000004FF  A$vwf$747 |    000004FF  C$vwf.c$1 |    00000501  A$vwf$755
     00000501  C$vwf.c$1 |    00000501  C$vwf.c$1 |    00000504  A$vwf$756
     00000505  A$vwf$757 |    00000507  A$vwf$758 |    00000508  A$vwf$759
     00000509  A$vwf$760 |    0000050B  A$vwf$761 |    0000050C  A$vwf$762
     0000050F  A$vwf$763 |    00000510  A$vwf$764 |    00000511  A$vwf$765
     00000512  A$vwf$766 |    00000515  A$vwf$767 |    00000516  A$vwf$768
     00000517  A$vwf$769 |    00000518  A$vwf$773 |    00000518  C$vwf.c$1
     0000051B  A$vwf$774 |    0000051C  A$vwf$775 |    0000051E  A$vwf$776
     0000051F  A$vwf$777 |    00000522  A$vwf$781 |    00000522  C$vwf.c$1
     00000524  A$vwf$789 |    00000524  C$vwf.c$1 |    00000524  C$vwf.c$1
     00000525  A$vwf$790 |    00000528  A$vwf$791 |    00000529  A$vwf$792
     0000052B  A$vwf$796 |    0000052B  C$vwf.c$1 |    0000052E  A$vwf$797
     0000052F  A$vwf$798 |    00000531  A$vwf$799 |    00000534  A$vwf$800
     00000535  A$vwf$801 |    00000536  A$vwf$802 |    00000537  A$vwf$803
     0000053A  A$vwf$804 |    0000053B  A$vwf$805 |    0000053C  A$vwf$806
     0000053D  A$vwf$807 |    0000053E  A$vwf$808 |    00000541  A$vwf$809
     00000543  A$vwf$814 |    00000543  C$vwf.c$1 |    00000546  A$vwf$815
     00000547  A$vwf$816 |    00000549  A$vwf$817 |    0000054A  A$vwf$818
     0000054B  A$vwf$824 |    0000054B  C$vwf.c$1 |    0000054E  A$vwf$825
     0000054F  A$vwf$826 |    00000551  A$vwf$827 |    00000554  A$vwf$828
     00000555  A$vwf$829 |    00000557  A$vwf$830 |    0000055A  A$vwf$831
     0000055B  A$vwf$832 |    0000055C  A$vwf$833 |    0000055F  A$vwf$834
     00000560  A$vwf$835 |    00000561  A$vwf$836 |    00000562  A$vwf$837
     00000563  A$vwf$838 |    00000566  A$vwf$839 |    00000568  A$vwf$847
     00000568  C$vwf.c$1 |    00000568  C$vwf.c$1 |    0000056B  A$vwf$848
     0000056C  A$vwf$849 |    0000056F  A$vwf$850 |    00000570  A$vwf$851
     00000571  A$vwf$852 |    00000574  A$vwf$857 |    00000574  C$vwf.c$1
     00000577  A$vwf$858 |    00000579  A$vwf$859 |    0000057A  A$vwf$863
     0000057A  C$vwf.c$1 |    0000057B  A$vwf$864 |    0000057D  A$vwf$865
     0000057E  A$vwf$875 |    0000057E  C$vwf.c$1 |    0000057E  G$vwf_loa
     0000057E  _vwf_load |    0000057F  A$vwf$876 |    00000580  A$vwf$877
     00000581  A$vwf$878 |    00000582  A$vwf$879 |    00000583  A$vwf$880
     00000584  A$vwf$884 |    00000584  C$vwf.c$1 |    00000586  A$vwf$885
     00000587  A$vwf$886 |    00000588  A$vwf$887 |    00000589  A$vwf$888
     0000058A  A$vwf$889 |    0000058C  A$vwf$890 |    0000058D  A$vwf$891
     0000058E  A$vwf$892 |    00000590  A$vwf$893 |    00000591  A$vwf$894
     00000592  A$vwf$895 |    00000594  A$vwf$896 |    00000595  A$vwf$897
     00000596  A$vwf$901 |    00000596  C$vwf.c$1 |    00000597  A$vwf$902
     00000599  A$vwf$903 |    0000059A  A$vwf$904 |    0000059B  A$vwf$905
     0000059C  A$vwf$906 |    0000059D  A$vwf$907 |    0000059E  A$vwf$911
     0000059E  C$vwf.c$1 |    0000059F  A$vwf$915 |    0000059F  C$vwf.c$1
     000005A2  A$vwf$916 |    000005A3  A$vwf$917 |    000005A4  A$vwf$918
     000005A5  A$vwf$919 |    000005A6  A$vwf$929 |    000005A6  C$vwf.c$1
     000005A6  G$vwf_act |    000005A6  _vwf_acti |    000005A7  A$vwf$933
     000005A7  C$vwf.c$1 |    000005A9  A$vwf$934 |    000005AA  A$vwf$935
     000005AB  A$vwf$936 |    000005AC  A$vwf$937 |    000005AD  A$vwf$938
ASxxxx Linker V03.00 + NoICE + sdld,  page 7.
Hexadecimal  [32-Bits]

Area                       Addr        Size        Decimal Bytes (Attributes)
--------------------       ----        ----        ------- ----- ------------
_CODE                  00000200    00000C8B =        3211. bytes (REL,CON)

        Value  Global            Value  Global            Value  Global    
        -----  ------            -----  ------            -----  ------    
     000005B0  A$vwf$939 |    000005B1  A$vwf$940 |    000005B2  A$vwf$941
     000005B3  A$vwf$942 |    000005B4  A$vwf$943 |    000005B7  A$vwf$947
     000005B7  C$vwf.c$1 |    000005B8  A$vwf$948 |    000005B9  A$vwf$949
     000005BA  A$vwf$950 |    000005BB  A$vwf$951 |    000005BC  A$vwf$952
     000005BD  A$vwf$953 |    000005C0  A$vwf$954 |    000005C1  A$vwf$955
     000005C2  A$vwf$956 |    000005C5  A$vwf$957 |    000005C6  A$vwf$958
     000005C7  A$vwf$959 |    000005CA  A$vwf$960 |    000005CB  A$vwf$961
     000005CE  A$vwf$962 |    000005D0  A$vwf$970 |    000005D0  C$vwf.c$1
     000005D0  XG$vwf_ac |    000005D1  A$vwf$983 |    000005D1  C$vwf.c$1
     000005D1  C$vwf.c$1 |    000005D1  G$vwf_nex |    000005D1  _vwf_next
     000005D4  A$vwf$984 |    000005D5  A$vwf$985 |    000005D7  A$vwf$986
     000005DA  A$vwf$987 |    000005DB  A$vwf$988 |    000005DC  A$vwf$990
     000005DF  A$vwf$998 |    000005DF  C$vwf.c$1 |    000005DF  XG$vwf_ne
     000005E0  _vwf_memc |    0000060E  _vwf_read |    00000628  _vwf_set_
     00000644  _vwf_prin |    0000069F  _vwf_get_ |    000006A7  _vwf_get_
     000006B5  _vwf_swap |    000006DF  _hUGE_ini |    000006E3  _hUGE_ini
     000006EE  _hUGE_mut |    000006F2  _hUGE_mut |    000006FF  _hUGE_set
     00000703  _hUGE_set |    0000070C  hUGE_init |    00000762  hUGE_mute
     00000958  hUGE_set_ |    00000AC0  _hUGE_dos |    00000AC0  _hUGE_dos
     00000AC0  hUGE_doso |    00000DAF  _set_vram |    00000DBE  _set_win_
     00000DC6  _set_bkg_ |    00000DF0  _arand    |    00000E1C  _initaran
     00000E47  ___memcpy |    00000E47  _memcpy   |    00000E79  _strcat  
ASxxxx Linker V03.00 + NoICE + sdld,  page 8.
Hexadecimal  [32-Bits]

Area                       Addr        Size        Decimal Bytes (Attributes)
--------------------       ----        ----        ------- ----- ------------
_HEADER0               00000000    00000001 =           1. bytes (ABS,CON)

        Value  Global            Value  Global            Value  Global    
        -----  ------            -----  ------            -----  ------    
     00000020  .call_hl 
ASxxxx Linker V03.00 + NoICE + sdld,  page 9.
Hexadecimal  [32-Bits]

Area                       Addr        Size        Decimal Bytes (Attributes)
--------------------       ----        ----        ------- ----- ------------
_HEADER1               00000000    00000005 =           5. bytes (ABS,CON)

        Value  Global            Value  Global            Value  Global    
        -----  ------            -----  ------            -----  ------    
     00000028  .MemsetSm
ASxxxx Linker V03.00 + NoICE + sdld,  page 10.
Hexadecimal  [32-Bits]

Area                       Addr        Size        Decimal Bytes (Attributes)
--------------------       ----        ----        ------- ----- ------------
_HEADER2               00000000    00000007 =           7. bytes (ABS,CON)

        Value  Global            Value  Global            Value  Global    
        -----  ------            -----  ------            -----  ------    
     00000030  .MemcpySm
ASxxxx Linker V03.00 + NoICE + sdld,  page 11.
Hexadecimal  [32-Bits]

Area                       Addr        Size        Decimal Bytes (Attributes)
--------------------       ----        ----        ------- ----- ------------
_HEADER3               00000000    00000008 =           8. bytes (ABS,CON)

        Value  Global            Value  Global            Value  Global    
        -----  ------            -----  ------            -----  ------    
ASxxxx Linker V03.00 + NoICE + sdld,  page 12.
Hexadecimal  [32-Bits]

Area                       Addr        Size        Decimal Bytes (Attributes)
--------------------       ----        ----        ------- ----- ------------
_HEADER4               00000000    0000004C =          76. bytes (ABS,CON)

        Value  Global            Value  Global            Value  Global    
        -----  ------            -----  ------            -----  ------    
     00000080  .int      |    0000008F  _wait_int |    0000009C  __standar
     000000AC  _refresh_
ASxxxx Linker V03.00 + NoICE + sdld,  page 13.
Hexadecimal  [32-Bits]

Area                       Addr        Size        Decimal Bytes (Attributes)
--------------------       ----        ----        ------- ----- ------------
_HEADER5               00000000    00000002 =           2. bytes (ABS,CON)

        Value  Global            Value  Global            Value  Global    
        -----  ------            -----  ------            -----  ------    
ASxxxx Linker V03.00 + NoICE + sdld,  page 14.
Hexadecimal  [32-Bits]

Area                       Addr        Size        Decimal Bytes (Attributes)
--------------------       ----        ----        ------- ----- ------------
_HEADER6               00000000    00000030 =          48. bytes (ABS,CON)

        Value  Global            Value  Global            Value  Global    
        -----  ------            -----  ------            -----  ------    
ASxxxx Linker V03.00 + NoICE + sdld,  page 15.
Hexadecimal  [32-Bits]

Area                       Addr        Size        Decimal Bytes (Attributes)
--------------------       ----        ----        ------- ----- ------------
_HEADER7               00000000    00000006 =           6. bytes (ABS,CON)

        Value  Global            Value  Global            Value  Global    
        -----  ------            -----  ------            -----  ------    
ASxxxx Linker V03.00 + NoICE + sdld,  page 16.
Hexadecimal  [32-Bits]

Area                       Addr        Size        Decimal Bytes (Attributes)
--------------------       ----        ----        ------- ----- ------------
_HEADER8               00000000    00000003 =           3. bytes (ABS,CON)

        Value  Global            Value  Global            Value  Global    
        -----  ------            -----  ------            -----  ------    
ASxxxx Linker V03.00 + NoICE + sdld,  page 17.
Hexadecimal  [32-Bits]

Area                       Addr        Size        Decimal Bytes (Attributes)
--------------------       ----        ----        ------- ----- ------------
_HEADER9               00000000    00000001 =           1. bytes (ABS,CON)

        Value  Global            Value  Global            Value  Global    
        -----  ------            -----  ------            -----  ------    
ASxxxx Linker V03.00 + NoICE + sdld,  page 18.
Hexadecimal  [32-Bits]

Area                       Addr        Size        Decimal Bytes (Attributes)
--------------------       ----        ----        ------- ----- ------------
_HEADERa               00000000    00000001 =           1. bytes (ABS,CON)

        Value  Global            Value  Global            Value  Global    
        -----  ------            -----  ------            -----  ------    
ASxxxx Linker V03.00 + NoICE + sdld,  page 19.
Hexadecimal  [32-Bits]

Area                       Addr        Size        Decimal Bytes (Attributes)
--------------------       ----        ----        ------- ----- ------------
_HEADERb               00000000    00000001 =           1. bytes (ABS,CON)

        Value  Global            Value  Global            Value  Global    
        -----  ------            -----  ------            -----  ------    
ASxxxx Linker V03.00 + NoICE + sdld,  page 20.
Hexadecimal  [32-Bits]

Area                       Addr        Size        Decimal Bytes (Attributes)
--------------------       ----        ----        ------- ----- ------------
_HEADERc               00000000    00000002 =           2. bytes (ABS,CON)

        Value  Global            Value  Global            Value  Global    
        -----  ------            -----  ------            -----  ------    
ASxxxx Linker V03.00 + NoICE + sdld,  page 21.
Hexadecimal  [32-Bits]

Area                       Addr        Size        Decimal Bytes (Attributes)
--------------------       ----        ----        ------- ----- ------------
_HEADERd               00000000    00000001 =           1. bytes (ABS,CON)

        Value  Global            Value  Global            Value  Global    
        -----  ------            -----  ------            -----  ------    
ASxxxx Linker V03.00 + NoICE + sdld,  page 22.
Hexadecimal  [32-Bits]

Area                       Addr        Size        Decimal Bytes (Attributes)
--------------------       ----        ----        ------- ----- ------------
_HEADERe               00000000    00000001 =           1. bytes (ABS,CON)

        Value  Global            Value  Global            Value  Global    
        -----  ------            -----  ------            -----  ------    
ASxxxx Linker V03.00 + NoICE + sdld,  page 23.
Hexadecimal  [32-Bits]

Area                       Addr        Size        Decimal Bytes (Attributes)
--------------------       ----        ----        ------- ----- ------------
_HEADERf               00000000    00000002 =           2. bytes (ABS,CON)

        Value  Global            Value  Global            Value  Global    
        -----  ------            -----  ------            -----  ------    
ASxxxx Linker V03.00 + NoICE + sdld,  page 24.
Hexadecimal  [32-Bits]

Area                       Addr        Size        Decimal Bytes (Attributes)
--------------------       ----        ----        ------- ----- ------------
_HEADER10              00000000    00000084 =         132. bytes (ABS,CON)

        Value  Global            Value  Global            Value  Global    
        -----  ------            -----  ------            -----  ------    
     00000150  .reset    |    00000150  _reset    |    00000157  .code_sta
     000001B9  _exit     |    000001BD  _set_inte
ASxxxx Linker V03.00 + NoICE + sdld,  page 25.
Hexadecimal  [32-Bits]

Area                       Addr        Size        Decimal Bytes (Attributes)
--------------------       ----        ----        ------- ----- ------------
_HEADER11              00000000    00000001 =           1. bytes (ABS,CON)

        Value  Global            Value  Global            Value  Global    
        -----  ------            -----  ------            -----  ------    
ASxxxx Linker V03.00 + NoICE + sdld,  page 26.
Hexadecimal  [32-Bits]

Area                       Addr        Size        Decimal Bytes (Attributes)
--------------------       ----        ----        ------- ----- ------------
_HOME                  00000E8B    0000056D =        1389. bytes (REL,CON)

        Value  Global            Value  Global            Value  Global    
        -----  ------            -----  ------            -----  ------    
     00000E8B  .memset_s |    00000E94  .memcpy_s |    00000EB1  .remove_V
     00000EB4  .remove_i |    00000ED1  .add_VBL  |    00000ED4  .add_int 
     00000EDF  .wait_vbl |    00000EDF  _wait_vbl |    00000EEF  .display_
     00000EEF  _display_ |    00000F07  _remove_V |    00000F12  _add_VBL 
     00000F1D  A$common$ |    00000F1D  C$common. |    00000F1D  G$set_ban
     00000F1D  _set_bank |    00000F1E  A$common$ |    00000F1F  A$common$
     00000F21  A$common$ |    00000F22  A$common$ |    00000F22  C$common.
     00000F24  A$common$ |    00000F25  A$common$ |    00000F25  C$common.
     00000F27  A$common$ |    00000F28  A$common$ |    00000F2A  A$common$
     00000F2D  A$common$ |    00000F2D  C$common. |    00000F2E  A$common$
     00000F2F  A$common$ |    00000F30  A$common$ |    00000F31  A$common$
     00000F32  A$common$ |    00000F33  A$common$ |    00000F34  A$common$
     00000F36  A$common$ |    00000F37  A$common$ |    00000F38  A$common$
     00000F39  A$common$ |    00000F3A  A$common$ |    00000F3B  A$common$
     00000F3E  A$common$ |    00000F40  A$common$ |    00000F40  C$common.
     00000F41  A$common$ |    00000F43  A$common$ |    00000F46  A$common$
     00000F47  A$common$ |    00000F47  C$common. |    00000F48  A$common$
     00000F49  A$common$ |    00000F4B  A$common$ |    00000F4C  A$common$
     00000F4C  C$common. |    00000F4C  G$cpy_ban |    00000F4C  _cpy_bank
     00000F4E  A$common$ |    00000F50  A$common$ |    00000F51  A$common$
     00000F52  A$common$ |    00000F53  A$common$ |    00000F53  C$common.
     00000F54  A$common$ |    00000F55  A$common$ |    00000F57  A$common$
     00000F58  A$common$ |    00000F58  C$common. |    00000F5A  A$common$
     00000F5B  A$common$ |    00000F5D  A$common$ |    00000F60  A$common$
     00000F60  C$common. |    00000F61  A$common$ |    00000F62  A$common$
     00000F63  A$common$ |    00000F64  A$common$ |    00000F65  A$common$
     00000F66  A$common$ |    00000F67  A$common$ |    00000F69  A$common$
     00000F6A  A$common$ |    00000F6B  A$common$ |    00000F6C  A$common$
     00000F6F  A$common$ |    00000F6F  C$common. |    00000F71  A$common$
     00000F72  A$common$ |    00000F74  A$common$ |    00000F77  A$common$
     00000F78  A$common$ |    00000F79  A$common$ |    00000F79  C$common.
     00000F7B  A$common$ |    00000F7C  A$common$ |    00000F7E  A$common$
     00000F7F  A$common$ |    00000F7F  C$common. |    00000F7F  G$set_ban
     00000F7F  _set_bank |    00000F80  A$common$ |    00000F81  A$common$
     00000F83  A$common$ |    00000F84  A$common$ |    00000F84  C$common.
     00000F86  A$common$ |    00000F87  A$common$ |    00000F87  C$common.
     00000F89  A$common$ |    00000F8A  A$common$ |    00000F8C  A$common$
     00000F8F  A$common$ |    00000F8F  C$common. |    00000F90  A$common$
     00000F91  A$common$ |    00000F92  A$common$ |    00000F93  A$common$
     00000F94  A$common$ |    00000F95  A$common$ |    00000F96  A$common$
     00000F97  A$common$ |    00000F98  A$common$ |    00000F99  A$common$
     00000F9A  A$common$ |    00000F9B  A$common$ |    00000F9C  A$common$
     00000F9E  A$common$ |    00000F9F  A$common$ |    00000FA0  A$common$
     00000FA1  A$common$ |    00000FA2  A$common$ |    00000FA3  A$common$
     00000FA6  A$common$ |    00000FA8  A$common$ |    00000FA8  C$common.
     00000FA9  A$common$ |    00000FAB  A$common$ |    00000FAE  A$common$
     00000FAF  A$common$ |    00000FAF  C$common. |    00000FB0  A$common$
     00000FB1  A$common$ |    00000FB3  A$common$ |    00000FB4  A$common$
     00000FB4  C$common. |    00000FB4  G$set_bas |    00000FB4  _set_base
     00000FB5  A$common$ |    00000FB6  A$common$ |    00000FB8  A$common$
ASxxxx Linker V03.00 + NoICE + sdld,  page 27.
Hexadecimal  [32-Bits]

Area                       Addr        Size        Decimal Bytes (Attributes)
--------------------       ----        ----        ------- ----- ------------
_HOME                  00000E8B    0000056D =        1389. bytes (REL,CON)

        Value  Global            Value  Global            Value  Global    
        -----  ------            -----  ------            -----  ------    
     00000FB9  A$common$ |    00000FBA  A$common$ |    00000FBA  C$common.
     00000FBC  A$common$ |    00000FBD  A$common$ |    00000FBD  C$common.
     00000FBF  A$common$ |    00000FC0  A$common$ |    00000FC2  A$common$
     00000FC5  A$common$ |    00000FC6  A$common$ |    00000FC7  A$common$
     00000FC8  A$common$ |    00000FCB  A$common$ |    00000FCD  A$common$
     00000FCE  A$common$ |    00000FCF  A$common$ |    00000FD0  A$common$
     00000FD1  A$common$ |    00000FD2  A$common$ |    00000FD3  A$common$
     00000FD4  A$common$ |    00000FD5  A$common$ |    00000FD6  A$common$
     00000FD7  A$common$ |    00000FD8  A$common$ |    00000FD9  A$common$
     00000FDA  A$common$ |    00000FDC  A$common$ |    00000FDD  A$common$
     00000FDE  A$common$ |    00000FDF  A$common$ |    00000FE0  A$common$
     00000FE3  A$common$ |    00000FE5  A$common$ |    00000FE8  A$common$
     00000FEA  A$common$ |    00000FEA  C$common. |    00000FEB  A$common$
     00000FED  A$common$ |    00000FF0  A$common$ |    00000FF1  A$common$
     00000FF1  C$common. |    00000FF2  A$common$ |    00000FF3  A$common$
     00000FF4  A$common$ |    00000FF6  A$common$ |    00000FF7  A$musicma
     00000FF7  C$musicma |    00000FF7  C$musicma |    00000FF7  G$music_p
     00000FF7  _music_pl |    00000FFA  A$musicma |    00000FFB  A$musicma
     00000FFD  A$musicma |    00000FFD  C$musicma |    00001000  A$musicma
     00001001  A$musicma |    00001003  A$musicma |    00001006  A$musicma
     00001009  A$musicma |    0000100C  A$musicma |    0000100E  A$musicma
     0000100E  C$musicma |    00001011  A$musicma |    00001012  A$musicma
     00001013  A$musicma |    00001015  A$musicma |    00001018  A$musicma
     0000101A  A$musicma |    0000101D  A$musicma |    0000101F  A$musicma
     0000101F  C$musicma |    00001022  A$musicma |    00001024  A$musicma
     00001024  C$musicma |    00001027  A$musicma |    00001029  A$musicma
     00001029  C$musicma |    0000102C  A$musicma |    0000102E  A$musicma
     0000102E  C$musicma |    00001031  A$musicma |    00001033  A$musicma
     00001033  C$musicma |    00001036  A$musicma |    00001037  A$musicma
     00001038  A$musicma |    00001038  C$musicma |    0000103B  A$musicma
     0000103C  A$musicma |    0000103D  A$musicma |    0000103D  C$musicma
     0000103F  A$musicma |    00001040  A$musicma |    00001040  C$musicma
     00001043  A$musicma |    00001044  A$musicma |    00001046  A$musicma
     00001049  A$musicma |    0000104A  A$musicma |    0000104B  A$musicma
     0000104B  C$musicma |    0000104E  A$musicma |    0000104F  A$musicma
     00001050  A$musicma |    00001052  A$musicma |    00001053  A$musicma
     00001055  A$musicma |    00001056  A$musicma |    00001058  A$musicma
     00001059  A$musicma |    0000105B  A$musicma |    0000105C  A$musicma
     0000105E  A$musicma |    00001060  A$musicma |    00001062  A$musicma
     00001064  A$musicma |    00001066  A$musicma |    00001068  A$musicma
     0000106A  A$musicma |    0000106C  A$musicma |    0000106E  A$musicma
     0000106E  C$musicma |    0000106F  A$musicma |    00001070  A$musicma
     00001071  A$musicma |    00001072  A$musicma |    00001073  A$musicma
     00001076  A$musicma |    00001077  A$musicma |    00001078  A$musicma
     00001078  C$musicma |    00001079  A$musicma |    0000107C  A$musicma
     0000107D  A$musicma |    0000107E  A$musicma |    00001080  A$musicma
     00001080  C$musicma |    00001081  A$musicma |    00001084  A$musicma
     00001085  A$musicma |    00001085  C$musicma |    00001086  A$musicma
     00001088  A$musicma |    0000108B  A$musicma |    0000108C  A$musicma
     0000108C  C$musicma |    0000108C  XG$music_ |    0000108D  A$sfxplay
     0000108D  C$sfxplay |    0000108D  C$sfxplay |    0000108D  G$sfx_pla
ASxxxx Linker V03.00 + NoICE + sdld,  page 28.
Hexadecimal  [32-Bits]

Area                       Addr        Size        Decimal Bytes (Attributes)
--------------------       ----        ----        ------- ----- ------------
_HOME                  00000E8B    0000056D =        1389. bytes (REL,CON)

        Value  Global            Value  Global            Value  Global    
        -----  ------            -----  ------            -----  ------    
     0000108D  _sfx_play |    00001090  A$sfxplay |    00001091  A$sfxplay
     00001092  A$sfxplay |    00001093  A$sfxplay |    00001094  A$sfxplay
     00001095  A$sfxplay |    00001098  A$sfxplay |    00001099  A$sfxplay
     0000109A  A$sfxplay |    0000109C  A$sfxplay |    0000109D  A$sfxplay
     0000109E  A$sfxplay |    0000109F  A$sfxplay |    000010A0  A$sfxplay
     000010A1  A$sfxplay |    000010A3  A$sfxplay |    000010A4  A$sfxplay
     000010A7  A$sfxplay |    000010A8  A$sfxplay |    000010AA  A$sfxplay
     000010AB  A$sfxplay |    000010AD  A$sfxplay |    000010B0  A$sfxplay
     000010B2  A$sfxplay |    000010B3  A$sfxplay |    000010B5  A$sfxplay
     000010B6  A$sfxplay |    000010B9  A$sfxplay |    000010BA  A$sfxplay
     000010BB  A$sfxplay |    000010BC  A$sfxplay |    000010BF  A$sfxplay
     000010C0  A$sfxplay |    000010C1  A$sfxplay |    000010C3  A$sfxplay
     000010C5  A$sfxplay |    000010C7  A$sfxplay |    000010C9  A$sfxplay
     000010CB  A$sfxplay |    000010CC  A$sfxplay |    000010CF  A$sfxplay
     00001101  A$sfxplay |    00001102  A$sfxplay |    00001104  A$sfxplay
     00001106  A$sfxplay |    00001108  A$sfxplay |    0000110A  A$sfxplay
     0000110C  A$sfxplay |    0000110E  A$sfxplay |    00001110  A$sfxplay
     00001112  A$sfxplay |    00001113  A$sfxplay |    00001115  A$sfxplay
     00001117  A$sfxplay |    00001119  A$sfxplay |    0000111B  A$sfxplay
     0000111E  A$sfxplay |    0000111F  A$sfxplay |    00001121  A$sfxplay
     00001122  A$sfxplay |    00001123  A$sfxplay |    00001124  A$sfxplay
     00001125  A$sfxplay |    00001127  A$sfxplay |    0000114B  A$sfxplay
     0000114C  A$sfxplay |    0000114F  A$sfxplay |    00001150  A$sfxplay
     00001151  A$sfxplay |    00001154  A$sfxplay |    00001155  A$sfxplay
     00001158  A$sfxplay |    00001159  A$sfxplay |    0000115B  A$sfxplay
     0000115E  A$sfxplay |    0000115F  A$sfxplay |    00001160  C$sfxplay
     00001160  _uitoa    |    0000116F  _itoa     |    0000117E  .itoa    
     00001192  .utoa     |    00001206  _strcpy   |    00001218  _set_bkg_
     00001218  _set_win_ |    00001220  _set_spri |    0000127E  _add_low_
     00001289  .add_TIM  |    0000128F  _remove_T |    0000129A  .remove_T
     000012A0  .padup    |    000012A0  _waitpadu |    000012B0  .jpad    
     000012B0  _joypad   |    000012D8  _waitpad  |    000012D9  .wait_pad
     000012E0  ___sdcc_b |    000012FA  .set_xy_w |    00001303  .set_xy_b
     00001312  .set_xy_t |    00001354  _strlen   |    00001359  .strlen  
     00001362  _set_tile |    00001367  _set_bkg_ |    00001367  _set_win_
     0000136F  _set_spri |    0000139F  _set_bkg_ |    000013B3  _rand    
     000013B3  _randw    |    000013DE  _initrand |    000013E0  .initrand
     000013E9  _color    |    000013E9  _set_1bpp
ASxxxx Linker V03.00 + NoICE + sdld,  page 29.
Hexadecimal  [32-Bits]

Area                       Addr        Size        Decimal Bytes (Attributes)
--------------------       ----        ----        ------- ----- ------------
_CODE_0                000013F8    0000057A =        1402. bytes (REL,CON)

        Value  Global            Value  Global            Value  Global    
        -----  ------            -----  ------            -----  ------    
     000013F8  A$main$88 |    000013F8  C$main.c$ |    000013F8  C$main.c$
     000013F8  G$VBlankH |    000013F8  _VBlankHa |    000013FB  A$main$89
     000013FC  A$main$90 |    000013FE  A$main$94 |    000013FE  C$main.c$
     00001401  A$main$99 |    00001401  C$main.c$ |    00001404  A$main$10
     00001405  A$main$10 |    00001405  C$main.c$ |    00001406  A$main$10
     00001409  A$main$10 |    0000140A  A$main$10 |    0000140B  A$main$11
     0000140B  C$main.c$ |    0000140E  A$main$11 |    00001410  A$main$11
     00001410  C$main.c$ |    00001413  A$main$11 |    00001414  A$main$12
     00001414  C$main.c$ |    00001414  XG$VBlank |    00001415  A$main$14
     00001415  C$main.c$ |    00001415  C$main.c$ |    00001415  C$main.c$
     00001415  G$TMAInte |    00001415  XG$TMAInt |    00001415  _TMAInter
     00001418  A$main$16 |    00001418  C$main.c$ |    00001418  C$main.c$
     00001418  C$main.c$ |    00001418  G$main$0$ |    00001418  _main    
     0000141B  A$main$16 |    0000141D  A$main$16 |    0000141D  C$main.c$
     00001420  A$main$16 |    00001422  A$main$17 |    00001422  C$main.c$
     00001424  A$main$17 |    00001426  A$main$17 |    00001428  A$main$17
     0000142B  A$main$17 |    0000142D  A$main$17 |    0000142F  A$main$17
     00001431  A$main$18 |    00001433  A$main$18 |    00001435  A$main$18
     00001437  A$main$18 |    00001439  A$main$18 |    0000143C  A$main$18
     0000143E  A$main$18 |    0000143F  A$main$18 |    00001442  A$main$18
     00001443  A$main$19 |    00001444  A$main$19 |    00001445  A$main$19
     00001447  A$main$19 |    00001448  A$main$19 |    0000144A  A$main$19
     0000144B  A$main$19 |    0000144D  A$main$19 |    0000144E  A$main$19
     00001450  A$main$20 |    00001452  A$main$20 |    00001454  A$main$20
     00001456  A$main$20 |    00001458  A$main$20 |    0000145A  A$main$20
     0000145C  A$main$20 |    0000145E  A$main$20 |    00001460  A$main$21
     00001460  C$main.c$ |    00001461  A$main$21 |    00001461  C$main.c$
     00001464  A$main$21 |    00001465  A$main$21 |    00001468  A$main$22
     00001469  A$main$22 |    0000146C  A$main$22 |    0000146E  A$main$22
     00001470  A$main$22 |    00001473  A$main$22 |    00001474  A$main$22
     00001476  A$main$22 |    00001479  A$main$22 |    0000147B  A$main$23
     0000147E  A$main$23 |    0000147F  A$main$23 |    00001481  A$main$23
     00001483  A$main$23 |    00001485  A$main$24 |    00001485  C$main.c$
     00001488  A$main$24 |    00001489  A$main$24 |    0000148C  A$main$24
     0000148D  A$main$24 |    0000148D  C$main.c$ |    0000148F  A$main$24
     00001491  A$main$25 |    00001492  A$main$25 |    00001493  A$main$25
     00001496  A$main$25 |    00001497  A$main$25 |    00001498  A$main$25
     00001498  C$main.c$ |    00001499  A$main$25 |    0000149C  A$main$26
     0000149C  C$main.c$ |    0000149E  A$main$26 |    0000149F  A$main$26
     000014A0  A$main$26 |    000014A3  A$main$26 |    000014A4  A$main$26
     000014A7  A$main$27 |    000014A7  C$main.c$ |    000014A9  A$main$27
     000014AA  A$main$27 |    000014AB  A$main$27 |    000014AE  A$main$27
     000014B0  A$main$27 |    000014B3  A$main$28 |    000014B3  C$main.c$
     000014B5  A$main$28 |    000014B6  A$main$28 |    000014B7  A$main$28
     000014BA  A$main$28 |    000014BC  A$main$28 |    000014BF  A$main$29
     000014BF  C$main.c$ |    000014C1  A$main$29 |    000014C2  A$main$29
     000014C3  A$main$29 |    000014C6  A$main$29 |    000014C8  A$main$29
     000014CB  A$main$29 |    000014CB  C$main.c$ |    000014CC  A$main$30
     000014CF  A$main$30 |    000014CF  C$main.c$ |    000014CF  C$main.c$
     000014D2  A$main$30 |    000014D5  A$main$31 |    000014D5  C$main.c$
ASxxxx Linker V03.00 + NoICE + sdld,  page 30.
Hexadecimal  [32-Bits]

Area                       Addr        Size        Decimal Bytes (Attributes)
--------------------       ----        ----        ------- ----- ------------
_CODE_0                000013F8    0000057A =        1402. bytes (REL,CON)

        Value  Global            Value  Global            Value  Global    
        -----  ------            -----  ------            -----  ------    
     000014D8  A$main$31 |    000014DB  A$main$31 |    000014DB  C$main.c$
     000014DE  A$main$31 |    000014E1  A$main$32 |    000014E2  A$main$32
     000014E5  A$main$32 |    000014E5  C$main.c$ |    000014E8  A$main$32
     000014E8  C$main.c$ |    000014EB  A$main$33 |    000014ED  A$main$33
     000014ED  C$main.c$ |    000014F0  A$main$33 |    000014F1  A$main$33
     000014F3  A$main$33 |    000014F6  A$main$33 |    000014F8  A$main$33
     000014FA  A$main$34 |    000014FD  A$main$34 |    000014FF  A$main$34
     00001501  A$main$34 |    00001504  A$main$34 |    00001506  A$main$34
     00001508  A$main$34 |    0000150B  A$main$34 |    0000150D  A$main$34
     0000150F  A$main$34 |    00001511  A$main$35 |    00001511  C$main.c$
     00001511  C$main.c$ |    00001513  A$main$35 |    00001514  A$main$35
     00001515  A$main$36 |    00001518  A$main$36 |    00001519  A$main$36
     0000151A  A$main$36 |    0000151B  A$main$36 |    0000151C  A$main$36
     0000151C  C$main.c$ |    0000151D  A$main$36 |    0000151E  A$main$37
     0000151F  A$main$37 |    00001520  A$main$37 |    00001521  A$main$37
     00001524  A$main$37 |    00001525  A$main$37 |    00001525  C$main.c$
     00001528  A$main$38 |    00001528  C$main.c$ |    0000152A  A$main$39
     0000152A  C$main.c$ |    0000152A  C$main.c$ |    0000152C  A$main$39
     0000152F  A$main$39 |    00001530  A$main$39 |    00001532  A$main$39
     00001532  C$main.c$ |    00001534  A$main$40 |    00001534  C$main.c$
     00001534  C$main.c$ |    00001537  A$main$40 |    00001537  C$main.c$
     00001539  A$main$41 |    00001539  C$main.c$ |    00001539  C$main.c$
     0000153C  A$main$42 |    0000153C  C$main.c$ |    0000153E  A$main$42
     0000153E  C$main.c$ |    0000153E  C$main.c$ |    00001541  A$main$43
     00001541  C$main.c$ |    00001541  C$main.c$ |    00001544  A$main$43
     00001545  A$main$43 |    00001547  A$main$44 |    0000154A  A$main$44
     0000154C  A$main$44 |    0000154E  A$main$44 |    00001551  A$main$44
     00001553  A$main$44 |    00001555  A$main$44 |    00001558  A$main$44
     0000155A  A$main$44 |    0000155C  A$main$44 |    0000155F  A$main$45
     00001561  A$main$45 |    00001563  A$main$45 |    00001565  A$main$46
     00001565  C$main.c$ |    00001565  C$main.c$ |    00001567  A$main$46
     00001569  A$main$46 |    0000156B  A$main$46 |    0000156E  A$main$46
     0000156E  C$main.c$ |    00001571  A$main$47 |    00001571  C$main.c$
     00001573  A$main$47 |    00001573  C$main.c$ |    00001573  C$main.c$
     00001575  A$main$48 |    00001577  A$main$48 |    00001579  A$main$48
     0000157C  A$main$48 |    0000157C  C$main.c$ |    0000157F  A$main$49
     0000157F  C$main.c$ |    00001581  A$main$49 |    00001581  C$main.c$
     00001581  C$main.c$ |    00001583  A$main$49 |    00001585  A$main$50
     00001587  A$main$50 |    0000158A  A$main$50 |    0000158A  C$main.c$
     0000158D  A$main$50 |    0000158D  C$main.c$ |    0000158F  A$main$51
     0000158F  C$main.c$ |    0000158F  C$main.c$ |    00001591  A$main$51
     00001593  A$main$51 |    00001595  A$main$52 |    00001598  A$main$52
     00001598  C$main.c$ |    0000159B  A$main$52 |    0000159B  C$main.c$
     0000159D  A$main$53 |    0000159D  C$main.c$ |    0000159D  C$main.c$
     0000159F  A$main$53 |    000015A1  A$main$53 |    000015A3  A$main$53
     000015A6  A$main$54 |    000015A6  C$main.c$ |    000015A9  A$main$55
     000015A9  C$main.c$ |    000015A9  C$main.c$ |    000015AB  A$main$55
     000015AD  A$main$55 |    000015AF  A$main$55 |    000015AF  C$main.c$
     000015B2  A$main$55 |    000015B5  A$main$56 |    000015B5  C$main.c$
     000015B8  A$main$56 |    000015B9  A$main$56 |    000015BB  A$main$56
     000015BE  A$main$56 |    000015C0  A$main$56 |    000015C2  A$main$56
ASxxxx Linker V03.00 + NoICE + sdld,  page 31.
Hexadecimal  [32-Bits]

Area                       Addr        Size        Decimal Bytes (Attributes)
--------------------       ----        ----        ------- ----- ------------
_CODE_0                000013F8    0000057A =        1402. bytes (REL,CON)

        Value  Global            Value  Global            Value  Global    
        -----  ------            -----  ------            -----  ------    
     000015C5  A$main$57 |    000015C7  A$main$57 |    000015C9  A$main$57
     000015CC  A$main$57 |    000015CE  A$main$57 |    000015D0  A$main$57
     000015D3  A$main$57 |    000015D5  A$main$57 |    000015D7  A$main$57
     000015D9  A$main$58 |    000015D9  C$main.c$ |    000015D9  C$main.c$
     000015DC  A$main$59 |    000015DC  C$main.c$ |    000015DF  A$main$59
     000015DF  C$main.c$ |    000015E1  A$main$60 |    000015E1  C$main.c$
     000015E1  C$main.c$ |    000015E4  A$main$60 |    000015E4  C$main.c$
     000015E7  A$main$61 |    000015E7  C$main.c$ |    000015E9  A$main$61
     000015E9  C$main.c$ |    000015E9  C$main.c$ |    000015EC  A$main$62
     000015EC  C$main.c$ |    000015EF  A$main$62 |    000015EF  C$main.c$
     000015F1  A$main$63 |    000015F1  C$main.c$ |    000015F1  C$main.c$
     000015F4  A$main$63 |    000015F4  C$main.c$ |    000015F7  A$main$64
     000015F7  C$main.c$ |    000015F9  A$main$65 |    000015F9  C$main.c$
     000015F9  C$main.c$ |    000015FC  A$main$65 |    000015FC  C$main.c$
     000015FF  A$main$66 |    000015FF  C$main.c$ |    000015FF  C$main.c$
     00001602  A$main$67 |    00001602  C$main.c$ |    00001602  XG$main$0
     00001605  A$common$ |    00001605  C$common. |    00001605  G$drawTex
     00001605  _drawText |    00001606  A$common$ |    00001607  A$common$
     00001607  C$common. |    00001609  A$common$ |    0000160A  A$common$
     0000160B  A$common$ |    0000160C  A$common$ |    0000160D  A$common$
     00001610  A$common$ |    00001611  A$common$ |    00001612  A$common$
     00001614  A$common$ |    00001615  A$common$ |    00001616  A$common$
     00001617  A$common$ |    00001618  A$common$ |    0000161A  A$common$
     0000161B  A$common$ |    0000161C  A$common$ |    0000161D  A$common$
     0000161E  A$common$ |    0000161F  A$common$ |    00001620  A$common$
     00001621  A$common$ |    00001622  A$common$ |    00001623  A$common$
     00001626  A$common$ |    00001628  A$common$ |    00001628  C$common.
     00001629  A$common$ |    0000162A  A$common$ |    0000162B  G$BLANK_S
     0000162B  _BLANK_SC |    0000172B  A$common$ |    0000172B  C$common.
     0000172B  G$makeLea |    0000172B  _makeLead |    0000172D  A$common$
     0000172F  A$common$ |    00001730  A$common$ |    00001731  A$common$
     00001732  A$common$ |    00001733  A$common$ |    00001734  A$common$
     00001734  C$common. |    00001736  A$common$ |    00001738  A$common$
     00001739  A$common$ |    0000173A  A$common$ |    0000173C  A$common$
     0000173D  A$common$ |    0000173F  A$common$ |    0000173F  C$common.
     00001741  A$common$ |    00001742  A$common$ |    00001744  A$common$
     00001746  A$common$ |    00001747  A$common$ |    00001748  A$common$
     0000174B  A$common$ |    0000174C  A$common$ |    0000174D  A$common$
     0000174E  A$common$ |    0000174F  A$common$ |    00001752  A$common$
     00001754  A$common$ |    00001754  C$common. |    00001756  A$common$
     00001757  A$common$ |    00001759  A$common$ |    0000175B  A$common$
     0000175B  C$common. |    0000175C  A$common$ |    0000175D  A$common$
     00001760  A$common$ |    00001761  A$common$ |    00001762  A$common$
     00001763  A$common$ |    00001764  A$common$ |    00001765  A$common$
     00001768  A$common$ |    0000176A  A$common$ |    0000176C  A$common$
     0000176C  C$common. |    0000176E  A$common$ |    0000176F  A$common$
     00001771  A$common$ |    00001773  A$common$ |    00001773  C$common.
     00001774  A$common$ |    00001775  A$common$ |    00001778  A$common$
     00001779  A$common$ |    0000177A  A$common$ |    0000177B  A$common$
     0000177C  A$common$ |    0000177D  A$common$ |    00001780  A$common$
     00001782  A$common$ |    00001782  C$common. |    00001785  A$common$
ASxxxx Linker V03.00 + NoICE + sdld,  page 32.
Hexadecimal  [32-Bits]

Area                       Addr        Size        Decimal Bytes (Attributes)
--------------------       ----        ----        ------- ----- ------------
_CODE_0                000013F8    0000057A =        1402. bytes (REL,CON)

        Value  Global            Value  Global            Value  Global    
        -----  ------            -----  ------            -----  ------    
     00001786  A$common$ |    00001787  A$common$ |    00001788  A$common$
     0000178A  A$common$ |    0000178B  A$common$ |    0000178C  A$common$
     0000178D  A$common$ |    00001790  A$common$ |    00001792  A$common$
     00001792  C$common. |    00001792  XG$makeLe |    00001793  Fcommon$_
     00001796  Fcommon$_ |    00001798  A$common$ |    00001798  C$common.
     00001798  G$drawWin |    00001798  _drawWind |    00001799  A$common$
     0000179A  A$common$ |    0000179B  A$common$ |    0000179C  A$common$
     0000179C  C$common. |    0000179D  A$common$ |    0000179F  A$common$
     000017A0  A$common$ |    000017A1  A$common$ |    000017A3  A$common$
     000017A4  A$common$ |    000017A4  C$common. |    000017A5  A$common$
     000017A7  A$common$ |    000017A8  A$common$ |    000017A9  A$common$
     000017AB  A$common$ |    000017AC  A$common$ |    000017AC  C$common.
     000017AF  A$common$ |    000017B0  A$common$ |    000017B2  A$common$
     000017B2  C$common. |    000017B4  A$common$ |    000017B5  A$common$
     000017B6  A$common$ |    000017B7  A$common$ |    000017B8  A$common$
     000017B9  A$common$ |    000017BA  A$common$ |    000017BB  A$common$
     000017BE  A$common$ |    000017C0  A$common$ |    000017C0  C$common.
     000017C2  A$common$ |    000017C3  A$common$ |    000017C4  A$common$
     000017C5  A$common$ |    000017C6  A$common$ |    000017C8  A$common$
     000017C9  A$common$ |    000017CA  A$common$ |    000017CB  A$common$
     000017CE  A$common$ |    000017D0  A$common$ |    000017D0  C$common.
     000017D2  A$common$ |    000017D3  A$common$ |    000017D4  A$common$
     000017D6  A$common$ |    000017D7  A$common$ |    000017D8  A$common$
     000017D9  A$common$ |    000017DA  A$common$ |    000017DB  A$common$
     000017DC  A$common$ |    000017DF  A$common$ |    000017E1  A$common$
     000017E1  C$common. |    000017E3  A$common$ |    000017E4  A$common$
     000017E5  A$common$ |    000017E7  A$common$ |    000017E8  A$common$
     000017E9  A$common$ |    000017EA  A$common$ |    000017EB  A$common$
     000017EE  A$common$ |    000017F0  A$common$ |    000017F2  A$common$
     000017F2  C$common. |    000017F4  A$common$ |    000017F5  A$common$
     000017F6  A$common$ |    000017F7  A$common$ |    000017F8  A$common$
     000017F9  A$common$ |    000017FA  A$common$ |    000017FB  A$common$
     000017FE  A$common$ |    00001800  A$common$ |    00001800  C$common.
     00001802  A$common$ |    00001803  A$common$ |    00001804  A$common$
     00001805  A$common$ |    00001806  A$common$ |    00001808  A$common$
     00001809  A$common$ |    0000180A  A$common$ |    0000180B  A$common$
     0000180E  A$common$ |    00001810  A$common$ |    00001810  C$common.
     00001812  A$common$ |    00001813  A$common$ |    00001814  A$common$
     00001816  A$common$ |    00001817  A$common$ |    00001818  A$common$
     00001819  A$common$ |    0000181A  A$common$ |    0000181B  A$common$
     0000181C  A$common$ |    0000181F  A$common$ |    00001821  A$common$
     00001821  C$common. |    00001823  A$common$ |    00001824  A$common$
     00001825  A$common$ |    00001827  A$common$ |    00001828  A$common$
     00001829  A$common$ |    0000182A  A$common$ |    0000182B  A$common$
     0000182E  A$common$ |    00001830  A$common$ |    00001830  C$common.
     00001833  A$common$ |    00001835  A$common$ |    00001835  C$common.
     00001837  A$common$ |    00001838  A$common$ |    00001839  A$common$
     0000183C  A$common$ |    0000183C  C$common. |    0000183F  A$common$
     00001842  A$common$ |    00001843  A$common$ |    00001845  A$common$
     00001845  C$common. |    00001846  A$common$ |    00001849  A$common$
     0000184A  A$common$ |    0000184B  A$common$ |    0000184B  C$common.
ASxxxx Linker V03.00 + NoICE + sdld,  page 33.
Hexadecimal  [32-Bits]

Area                       Addr        Size        Decimal Bytes (Attributes)
--------------------       ----        ----        ------- ----- ------------
_CODE_0                000013F8    0000057A =        1402. bytes (REL,CON)

        Value  Global            Value  Global            Value  Global    
        -----  ------            -----  ------            -----  ------    
     0000184E  A$common$ |    0000184F  A$common$ |    00001851  A$common$
     00001851  C$common. |    00001853  A$common$ |    00001854  A$common$
     00001855  A$common$ |    00001856  A$common$ |    00001857  A$common$
     00001858  A$common$ |    00001859  A$common$ |    0000185C  A$common$
     0000185E  A$common$ |    0000185E  C$common. |    0000185F  A$common$
     00001862  A$common$ |    00001863  A$common$ |    00001865  A$common$
     00001866  A$common$ |    00001867  A$common$ |    00001869  A$common$
     0000186A  A$common$ |    0000186B  A$common$ |    0000186C  A$common$
     0000186D  A$common$ |    0000186E  A$common$ |    00001871  A$common$
     00001873  A$common$ |    00001875  A$common$ |    00001875  C$common.
     00001877  A$common$ |    00001878  A$common$ |    00001879  A$common$
     0000187A  A$common$ |    0000187B  A$common$ |    0000187C  A$common$
     0000187D  A$common$ |    00001880  A$common$ |    00001882  A$common$
     00001882  C$common. |    00001883  A$common$ |    00001886  A$common$
     00001887  A$common$ |    00001889  A$common$ |    0000188A  A$common$
     0000188B  A$common$ |    0000188D  A$common$ |    0000188E  A$common$
     0000188F  A$common$ |    00001890  A$common$ |    00001891  A$common$
     00001892  A$common$ |    00001895  A$common$ |    00001897  A$common$
     00001897  C$common. |    0000189A  A$common$ |    0000189B  A$common$
     0000189D  A$common$ |    0000189D  C$common. |    000018A0  A$common$
     000018A2  A$common$ |    000018A2  C$common. |    000018A4  A$common$
     000018A5  A$common$ |    000018A6  A$common$ |    000018A9  A$common$
     000018A9  C$common. |    000018AC  A$common$ |    000018AF  A$common$
     000018B0  A$common$ |    000018B2  A$common$ |    000018B2  C$common.
     000018B3  A$common$ |    000018B6  A$common$ |    000018B7  A$common$
     000018B8  A$common$ |    000018B8  C$common. |    000018BB  A$common$
     000018BC  A$common$ |    000018BE  A$common$ |    000018BE  C$common.
     000018C0  A$common$ |    000018C1  A$common$ |    000018C2  A$common$
     000018C3  A$common$ |    000018C4  A$common$ |    000018C7  A$common$
     000018C9  A$common$ |    000018C9  C$common. |    000018CA  A$common$
     000018CD  A$common$ |    000018CE  A$common$ |    000018D0  A$common$
     000018D1  A$common$ |    000018D2  A$common$ |    000018D3  A$common$
     000018D4  A$common$ |    000018D6  A$common$ |    000018D7  A$common$
     000018D8  A$common$ |    000018D9  A$common$ |    000018DC  A$common$
     000018DE  A$common$ |    000018E0  A$common$ |    000018E0  C$common.
     000018E2  A$common$ |    000018E3  A$common$ |    000018E4  A$common$
     000018E5  A$common$ |    000018E6  A$common$ |    000018E9  A$common$
     000018EB  A$common$ |    000018EB  C$common. |    000018EC  A$common$
     000018EF  A$common$ |    000018F0  A$common$ |    000018F2  A$common$
     000018F3  A$common$ |    000018F4  A$common$ |    000018F5  A$common$
     000018F6  A$common$ |    000018F8  A$common$ |    000018F9  A$common$
     000018FA  A$common$ |    000018FB  A$common$ |    000018FE  A$common$
     00001900  A$common$ |    00001900  C$common. |    00001903  A$common$
     00001904  A$common$ |    00001906  A$common$ |    00001906  C$common.
     00001907  A$common$ |    00001908  A$common$ |    00001909  A$common$
     0000190A  A$common$ |    0000190B  A$Graphic |    0000190B  C$Graphic
     0000190B  C$Graphic |    0000190B  G$loadFul |    0000190B  _loadFull
     0000190D  A$Graphic |    0000190E  A$Graphic |    0000190F  A$Graphic
     00001912  A$Graphic |    00001913  A$Graphic |    00001915  A$Graphic
     00001916  A$Graphic |    00001919  A$Graphic |    00001919  C$Graphic
     0000191B  A$Graphic |    0000191C  A$Graphic |    0000191D  A$Graphic
ASxxxx Linker V03.00 + NoICE + sdld,  page 34.
Hexadecimal  [32-Bits]

Area                       Addr        Size        Decimal Bytes (Attributes)
--------------------       ----        ----        ------- ----- ------------
_CODE_0                000013F8    0000057A =        1402. bytes (REL,CON)

        Value  Global            Value  Global            Value  Global    
        -----  ------            -----  ------            -----  ------    
     00001920  A$Graphic |    00001921  A$Graphic |    00001924  A$Graphic
     00001925  A$Graphic |    00001926  A$Graphic |    00001927  A$Graphic
     0000192A  A$Graphic |    0000192A  C$Graphic |    0000192A  C$Graphic
     0000192A  XG$loadFu |    0000192B  A$Graphic |    0000192B  C$Graphic
     0000192B  C$Graphic |    0000192B  G$loadUIG |    0000192B  _loadUIGr
     0000192E  A$Graphic |    0000192F  A$Graphic |    00001931  A$Graphic
     00001934  A$Graphic |    00001935  A$Graphic |    00001937  A$Graphic
     0000193A  A$Graphic |    0000193C  A$Graphic |    0000193E  A$Graphic
     0000193F  A$Graphic |    0000193F  C$Graphic |    0000193F  C$Graphic
     00001941  A$Graphic |    00001942  A$Graphic |    00001943  A$Graphic
     00001946  A$Graphic |    00001947  A$Graphic |    00001949  A$Graphic
     0000194C  A$Graphic |    0000194F  A$Graphic |    0000194F  C$Graphic
     00001950  A$Graphic |    00001950  C$Graphic |    00001950  C$Graphic
     00001952  A$Graphic |    00001953  A$Graphic |    00001954  A$Graphic
     00001957  A$Graphic |    00001958  A$Graphic |    0000195A  A$Graphic
     0000195D  A$Graphic |    00001960  A$Graphic |    00001960  C$Graphic
     00001961  A$Graphic |    00001961  C$Graphic |    00001961  C$Graphic
     00001963  A$Graphic |    00001964  A$Graphic |    00001965  A$Graphic
     00001968  A$Graphic |    00001969  A$Graphic |    0000196B  A$Graphic
     0000196E  A$Graphic |    00001971  A$Graphic |    00001971  C$Graphic
     00001971  C$Graphic |    00001971  XG$loadUI
ASxxxx Linker V03.00 + NoICE + sdld,  page 35.
Hexadecimal  [32-Bits]

Area                       Addr        Size        Decimal Bytes (Attributes)
--------------------       ----        ----        ------- ----- ------------
_INITIALIZER           00001972    000001FB =         507. bytes (REL,CON)

        Value  Global            Value  Global            Value  Global    
        -----  ------            -----  ------            -----  ------    
     00001972  Fcommon$_ |    00001973  Fcommon$_ |    00001974  Fcommon$_
     00001975  Fcommon$_ |    00001976  Fcommon$_ |    00001977  Fcommon$_
     00001978  Fcommon$_ |    00001979  Fcommon$_ |    0000197A  Fcommon$_
     0000197B  Fcommon$_ |    0000197C  Fcommon$_ |    0000197D  Fcommon$_
     0000197E  Fcommon$_ |    0000197F  Fcommon$_ |    00001980  Fcommon$_
     00001981  Fcommon$_ |    00001982  Fcommon$_ |    00001983  Fcommon$_
     00001984  Fcommon$_ |    00001985  Fcommon$_ |    00001986  Fcommon$_
     00001987  Fcommon$_ |    00001988  Fcommon$_ |    00001989  Fcommon$_
     00001AF1  Fmusicman |    00001AF2  Fmusicman |    00001AF3  Fmusicman
     00001AF4  Fmusicman |    00001AF5  Fmusicman |    00001AF6  Fmusicman
     00001AF7  Fsfxplaye |    00001AF8  Fsfxplaye |    00001AFA  Fvwf$__xi
     00001AFB  Fvwf$__xi |    00001AFC  Fvwf$__xi |    00001AFD  Fvwf$__xi
     00001AFF  FData_Mus |    00001B21  FData_SFX
ASxxxx Linker V03.00 + NoICE + sdld,  page 36.
Hexadecimal  [32-Bits]

Area                       Addr        Size        Decimal Bytes (Attributes)
--------------------       ----        ----        ------- ----- ------------
_GSINIT                00001B6D    0000000C =          12. bytes (REL,CON)

        Value  Global            Value  Global            Value  Global    
        -----  ------            -----  ------            -----  ------    
     00001B6D  gsinit   
ASxxxx Linker V03.00 + NoICE + sdld,  page 37.
Hexadecimal  [32-Bits]

Area                       Addr        Size        Decimal Bytes (Attributes)
--------------------       ----        ----        ------- ----- ------------
_GSFINAL               00001B79    00000001 =           1. bytes (REL,CON)

        Value  Global            Value  Global            Value  Global    
        -----  ------            -----  ------            -----  ------    
ASxxxx Linker V03.00 + NoICE + sdld,  page 38.
Hexadecimal  [32-Bits]

Area                       Addr        Size        Decimal Bytes (Attributes)
--------------------       ----        ----        ------- ----- ------------
_DATA                  0000C0A0    00000106 =         262. bytes (REL,CON)

        Value  Global            Value  Global            Value  Global    
        -----  ------            -----  ------            -----  ------    
     0000C0A0  __cpu     |    0000C0A1  __is_GBA  |    0000C0A2  .mode    
     0000C0A3  .sys_time |    0000C0A3  _sys_time |    0000C0A5  .int_0x40
     0000C0B1  G$RNG_SEE |    0000C0B1  _RNG_SEED |    0000C0B3  G$TEMP_ST
     0000C0B3  _TEMP_STR |    0000C0C3  G$VAR_MUS |    0000C0C3  _VAR_MUSI
     0000C0D4  G$VAR_SFX |    0000C0D4  _VAR_SFX_ |    0000C0E6  G$ITOA_ST
     0000C0E6  _ITOA_STR |    0000C0EA  G$music_n |    0000C0EA  _music_ne
     0000C0EC  G$sfx_fra |    0000C0EC  _sfx_fram |    0000C0ED  G$vwf_fon
     0000C0ED  _vwf_font |    0000C0F9  G$vwf_til |    0000C0F9  _vwf_tile
     0000C109  G$vwf_cur |    0000C109  _vwf_curr |    0000C10A  G$vwf_cur
     0000C10A  _vwf_curr |    0000C10B  G$vwf_cur |    0000C10B  _vwf_curr
     0000C10C  G$vwf_cur |    0000C10C  _vwf_curr |    0000C113  G$vwf_cur
     0000C113  _vwf_curr |    0000C114  Lvwf.vwf_ |    0000C116  Lvwf.vwf_
     0000C118  Lvwf.vwf_ |    0000C137  _hUGE_cur |    0000C137  hUGE_curr
     0000C138  _hUGE_mut |    0000C19A  .int_0x50 |    0000C1A4  ___rand_s
ASxxxx Linker V03.00 + NoICE + sdld,  page 39.
Hexadecimal  [32-Bits]

Area                       Addr        Size        Decimal Bytes (Attributes)
--------------------       ----        ----        ------- ----- ------------
_INITIALIZED           0000C1A6    000001FB =         507. bytes (REL,CON)

        Value  Global            Value  Global            Value  Global    
        -----  ------            -----  ------            -----  ------    
     0000C1A6  G$GAME_ST |    0000C1A6  _GAME_STA |    0000C1A7  G$PREVIOU
     0000C1A7  _PREVIOUS |    0000C1A8  G$SCENE_S |    0000C1A8  _SCENE_SU
     0000C1A9  G$SCENE_S |    0000C1A9  _SCENE_SU |    0000C1AA  G$JOYPAD_
     0000C1AA  _JOYPAD_C |    0000C1AB  G$JOYPAD_ |    0000C1AB  _JOYPAD_P
     0000C1AC  G$LOOP_IN |    0000C1AC  _LOOP_IND |    0000C1AD  G$LOOP_LI
     0000C1AD  _LOOP_LIM |    0000C1AE  G$CURSOR_ |    0000C1AE  _CURSOR_I
     0000C1AF  G$CURSOR_ |    0000C1AF  _CURSOR_I |    0000C1B0  G$RNG_8$0
     0000C1B0  _RNG_8    |    0000C1B1  G$TEMP_VA |    0000C1B1  _TEMP_VAR
     0000C1B2  G$TEMP_VA |    0000C1B2  _TEMP_VAR |    0000C1B3  G$TEMP_VA
     0000C1B3  _TEMP_VAR |    0000C1B4  G$TEMP_VA |    0000C1B4  _TEMP_VAR
     0000C1B5  G$TEMP_VA |    0000C1B5  _TEMP_VAR |    0000C1B6  G$TEMP_VA
     0000C1B6  _TEMP_VAR |    0000C1B7  G$FRAME_C |    0000C1B7  _FRAME_CO
     0000C1B8  G$ANIMATI |    0000C1B8  _ANIMATIO |    0000C1B9  G$ANIMATI
     0000C1B9  _ANIMATIO |    0000C1BA  G$MUSIC_T |    0000C1BA  _MUSIC_TO
     0000C1BB  G$RENDER_ |    0000C1BB  _RENDER_T |    0000C1BC  G$BANK_BA
     0000C1BC  _BANK_BAC |    0000C1BD  G$BLANK_S |    0000C1BD  _BLANK_SC
     0000C325  G$music_c |    0000C325  _music_cu |    0000C326  G$music_m
     0000C326  _music_mu |    0000C327  G$music_m |    0000C327  _music_mu
     0000C328  G$music_p |    0000C328  _music_pl |    0000C329  G$music_p
     0000C329  _music_pl |    0000C32A  G$music_s |    0000C32A  _music_sf
     0000C32B  G$sfx_pla |    0000C32B  _sfx_play |    0000C32C  G$sfx_pla
     0000C32C  _sfx_play |    0000C32E  G$vwf_cur |    0000C32E  _vwf_curr
     0000C32F  G$vwf_inv |    0000C32F  _vwf_inve |    0000C330  G$vwf_mod
     0000C330  _vwf_mode |    0000C331  G$vwf_ren |    0000C331  _vwf_rend
     0000C333  G$Data_Mu |    0000C333  _Data_Mus |    0000C355  G$Data_SF
     0000C355  _Data_SFX |    0000C39D  __map_til |    0000C39E  .fg_colou
     0000C39E  __current |    0000C39F  .bg_colou |    0000C3A0  .draw_mod
ASxxxx Linker V03.00 + NoICE + sdld,  page 40.
Hexadecimal  [32-Bits]

Area                       Addr        Size        Decimal Bytes (Attributes)
--------------------       ----        ----        ------- ----- ------------
_HRAM12                00000000    00000003 =           3. bytes (ABS,CON)

        Value  Global            Value  Global            Value  Global    
        -----  ------            -----  ------            -----  ------    
     0000FF90  __current |    0000FF92  __shadow_
ASxxxx Linker V03.00 + NoICE + sdld,  page 41.
Hexadecimal  [32-Bits]

Area                       Addr        Size        Decimal Bytes (Attributes)
--------------------       ----        ----        ------- ----- ------------
_CODE_1                00014000    000030B7 =       12471. bytes (REL,CON)

        Value  Global            Value  Global            Value  Global    
        -----  ------            -----  ------            -----  ------    
     00014000  A$Font$74 |    00014000  C$Font.c$ |    00014000  C$Font.c$
     00014000  C$Font.c$ |    00014000  G$__func_ |    00014000  G$loadFon
     00014000  ___func_F |    00014000  _loadFont |    00014003  A$Font$75
     00014004  A$Font$76 |    00014007  A$Font$77 |    00014008  A$Font$78
     0001400B  A$Font$79 |    0001400D  A$Font$87 |    0001400D  C$Font.c$
     0001400D  XG$loadFo |    0001400E  G$Font_ti |    0001400E  _Font_til
     0001440E  C$Title_S |    0001440E  G$Title_S |    0001440E  G$__func_
     0001440E  _Title_Sa |    0001440E  ___func_T |    00014576  C$Title_S
     00014576  G$TitleSa |    00014576  G$__func_ |    00014576  _TitleSal
     00014576  ___func_T |    00014E76  C$WindowB |    00014E76  G$WindowB
     00014E76  G$__func_ |    00014E76  _WindowBo |    00014E76  ___func_W
     00014EF6  A$debug_f |    00014EF6  C$debug_f |    00014EF6  C$debug_f
     00014EF6  C$debug_f |    00014EF6  G$__func_ |    00014EF6  G$drawFon
     00014EF6  ___func_d |    00014EF6  _drawFont |    00014EF9  A$debug_f
     00014EFA  A$debug_f |    00014EFC  A$debug_f |    00014EFD  A$debug_f
     00014EFE  A$debug_f |    00014EFF  A$debug_f |    00014F00  A$debug_f
     00014F01  A$debug_f |    00014F02  A$debug_f |    00014F03  A$debug_f
     00014F04  A$debug_f |    00014F05  A$debug_f |    00014F06  A$debug_f
     00014F07  A$debug_f |    00014F08  A$debug_f |    00014F09  A$debug_f
     00014F0C  A$debug_f |    00014F0D  A$debug_f |    00014F10  A$debug_f
     00014F11  A$debug_f |    00014F12  A$debug_f |    00014F15  A$debug_f
     00014F15  C$debug_f |    00014F18  A$debug_f |    00014F19  A$debug_f
     00014F1B  A$debug_f |    00014F1C  A$debug_f |    00014F1D  A$debug_f
     00014F1E  A$debug_f |    00014F1F  A$debug_f |    00014F20  A$debug_f
     00014F21  A$debug_f |    00014F22  A$debug_f |    00014F23  A$debug_f
     00014F24  A$debug_f |    00014F25  A$debug_f |    00014F26  A$debug_f
     00014F27  A$debug_f |    00014F28  A$debug_f |    00014F2B  A$debug_f
     00014F2C  A$debug_f |    00014F2D  A$debug_f |    00014F2F  A$debug_f
     00014F30  A$debug_f |    00014F31  A$debug_f |    00014F33  A$debug_f
     00014F35  A$debug_f |    00014F38  A$debug_f |    00014F38  C$debug_f
     00014F3B  A$debug_f |    00014F3C  A$debug_f |    00014F3E  A$debug_f
     00014F3F  A$debug_f |    00014F40  A$debug_f |    00014F41  A$debug_f
     00014F42  A$debug_f |    00014F43  A$debug_f |    00014F44  A$debug_f
     00014F45  A$debug_f |    00014F46  A$debug_f |    00014F47  A$debug_f
     00014F48  A$debug_f |    00014F49  A$debug_f |    00014F4A  A$debug_f
     00014F4B  A$debug_f |    00014F4E  A$debug_f |    00014F4F  A$debug_f
     00014F52  A$debug_f |    00014F53  A$debug_f |    00014F54  A$debug_f
     00014F56  A$debug_f |    00014F57  A$debug_f |    00014F58  A$debug_f
     00014F5A  A$debug_f |    00014F5B  A$debug_f |    00014F5E  A$debug_f
     00014F5E  C$debug_f |    00014F5E  XG$drawFo |    00014F5F  G$fontDat
     00014F5F  _fontData |    00015303  A$debug_f |    00015303  C$debug_f
     00015303  C$debug_f |    00015303  G$drawFon |    00015303  _drawFont
     00015306  A$debug_f |    00015307  A$debug_f |    00015309  A$debug_f
     0001530A  A$debug_f |    0001530B  A$debug_f |    0001530C  A$debug_f
     0001530D  A$debug_f |    0001530E  A$debug_f |    0001530F  A$debug_f
     00015310  A$debug_f |    00015311  A$debug_f |    00015312  A$debug_f
     00015313  A$debug_f |    00015314  A$debug_f |    00015315  A$debug_f
     00015316  A$debug_f |    00015319  A$debug_f |    0001531A  A$debug_f
     0001531D  A$debug_f |    0001531E  A$debug_f |    0001531F  A$debug_f
     00015322  A$debug_f |    00015322  C$debug_f |    00015325  A$debug_f
ASxxxx Linker V03.00 + NoICE + sdld,  page 42.
Hexadecimal  [32-Bits]

Area                       Addr        Size        Decimal Bytes (Attributes)
--------------------       ----        ----        ------- ----- ------------
_CODE_1                00014000    000030B7 =       12471. bytes (REL,CON)

        Value  Global            Value  Global            Value  Global    
        -----  ------            -----  ------            -----  ------    
[...]
     000158AC  Fdebug_sc |    000158B1  Fdebug_sc |    000158B3  A$debug_s
     000158B3  C$debug_s |    000158B3  C$debug_s |    000158B3  G$handleD
     000158B3  _handleDe |    000158B6  A$debug_s |    000158B9  A$debug_s
     000158B9  C$debug_s |    000158BC  A$debug_s |    000158BD  A$debug_s
     000158C0  A$debug_s |    000158C1  A$debug_s |    000158C3  A$debug_s
     000158C5  A$debug_s |    000158C7  A$debug_s |    000158C9  A$debug_s
     000158C9  C$debug_s |    000158CC  A$debug_s |    000158CD  A$debug_s
     000158CE  A$debug_s |    000158D0  A$debug_s |    000158D0  C$debug_s
     000158D2  A$debug_s |    000158D4  A$debug_s |    000158D4  C$debug_s
     000158D7  A$debug_s |    000158D8  A$debug_s |    000158DA  A$debug_s
     000158DA  C$debug_s |    000158DC  A$debug_s |    000158DE  A$debug_s
     000158E0  A$debug_s |    000158E2  A$debug_s |    000158E2  C$debug_s
     000158E5  A$debug_s |    000158E6  A$debug_s |    000158E8  A$debug_s
     000158E8  C$debug_s |    000158EB  A$debug_s |    000158ED  A$debug_s
     000158EF  A$debug_s |    000158EF  C$debug_s |    000158F2  A$debug_s
     000158F3  A$debug_s |    000158F3  C$debug_s |    000158F5  A$debug_s
     000158F7  A$debug_s |    000158F9  A$debug_s |    000158FB  A$debug_s
     000158FB  C$debug_s |    000158FD  A$debug_s |    000158FE  A$debug_s
     00015900  A$debug_s |    00015901  A$debug_s |    00015901  C$debug_s
ASxxxx Linker V03.00 + NoICE + sdld,  page 48.
Hexadecimal  [32-Bits]

Area                       Addr        Size        Decimal Bytes (Attributes)
--------------------       ----        ----        ------- ----- ------------
_CODE_1                00014000    000030B7 =       12471. bytes (REL,CON)

        Value  Global            Value  Global            Value  Global    
        -----  ------            -----  ------            -----  ------    
     00015904  A$debug_s |    00015905  A$debug_s |    00015907  A$debug_s
     00015908  A$debug_s |    00015909  A$debug_s |    0001590A  A$debug_s
     0001590B  A$debug_s |    0001590C  A$debug_s |    0001590D  A$debug_s
     0001590E  A$debug_s |    00015911  A$debug_s |    00015912  A$debug_s
     00015915  A$debug_s |    00015916  A$debug_s |    00015917  A$debug_s
     0001591A  A$debug_s |    0001591A  C$debug_s |    0001591A  XG$handle
     0001591B  A$debug_s |    0001591B  C$debug_s |    0001591B  C$debug_s
     0001591B  G$drawDeb |    0001591B  _drawDebu |    0001591E  A$debug_s
     00015921  A$debug_s |    00015922  A$debug_s |    00015923  A$debug_s
     00015926  A$debug_s |    00015927  A$debug_s |    00015928  A$debug_s
     00015929  A$debug_s |    0001592A  A$debug_s |    0001592C  A$debug_s
     0001592D  A$debug_s |    00015930  A$debug_s |    00015931  A$debug_s
     00015932  A$debug_s |    00015934  A$debug_s |    00015934  C$debug_s
     00015937  A$debug_s |    0001593A  A$debug_s |    0001593B  A$debug_s
     0001593D  A$debug_s |    0001593F  A$debug_s |    00015940  A$debug_s
     00015941  A$debug_s |    00015942  A$debug_s |    00015943  A$debug_s
     00015946  A$debug_s |    00015948  A$debug_s |    00015948  C$debug_s
     0001594B  A$debug_s |    0001594C  A$debug_s |    0001594E  A$debug_s
     00015950  A$debug_s |    00015953  A$debug_s |    00015953  C$debug_s
     00015953  XG$drawDe |    00015954  A$mainmen |    00015954  C$mainmen
     00015954  C$mainmen |    00015954  G$initial |    00015954  _initiali
     00015957  A$mainmen |    00015959  A$mainmen |    00015959  C$mainmen
     0001595B  A$mainmen |    0001595E  A$mainmen |    00015961  A$mainmen
     00015961  C$mainmen |    00015964  A$mainmen |    00015966  A$mainmen
     00015966  C$mainmen |    00015969  A$mainmen |    0001596B  A$mainmen
     0001596B  C$mainmen |    0001596E  A$mainmen |    0001596E  C$mainmen
     00015971  A$mainmen |    00015973  A$mainmen |    00015973  C$mainmen
     00015976  A$mainmen |    00015978  A$mainmen |    00015978  C$mainmen
     0001597B  A$mainmen |    0001597B  C$mainmen |    0001597E  A$mainmen
     0001597F  A$mainmen |    00015982  A$mainmen |    00015983  A$mainmen
     00015984  A$mainmen |    00015985  A$mainmen |    00015986  A$mainmen
     00015989  A$mainmen |    0001598B  A$mainmen |    0001598B  C$mainmen
     0001598E  A$mainmen |    0001598F  A$mainmen |    00015991  A$mainmen
     00015993  A$mainmen |    00015996  A$mainmen |    00015996  C$mainmen
     00015999  A$mainmen |    0001599A  A$mainmen |    0001599D  A$mainmen
     0001599E  A$mainmen |    000159A1  A$mainmen |    000159A2  A$mainmen
     000159A5  A$mainmen |    000159A7  A$mainmen |    000159A7  C$mainmen
     000159AA  A$mainmen |    000159AB  A$mainmen |    000159AE  A$mainmen
     000159AF  A$mainmen |    000159B2  A$mainmen |    000159B3  A$mainmen
     000159B6  A$mainmen |    000159B8  A$mainmen |    000159B8  C$mainmen
     000159BB  A$mainmen |    000159BC  A$mainmen |    000159BF  A$mainmen
     000159C0  A$mainmen |    000159C3  A$mainmen |    000159C4  A$mainmen
     000159C7  A$mainmen |    000159C9  A$mainmen |    000159C9  C$mainmen
     000159CC  A$mainmen |    000159CE  A$mainmen |    000159CE  C$mainmen
     000159D1  A$mainmen |    000159D3  A$mainmen |    000159D6  A$mainmen
     000159D8  A$mainmen |    000159DB  A$mainmen |    000159DD  A$mainmen
     000159DE  A$mainmen |    000159E0  A$mainmen |    000159E0  C$mainmen
     000159E2  A$mainmen |    000159E4  A$mainmen |    000159E6  A$mainmen
     000159E6  C$mainmen |    000159E8  A$mainmen |    000159EA  A$mainmen
     000159EC  A$mainmen |    000159EC  C$mainmen |    000159EC  XG$initia
     000159ED  Fmainmenu |    000159F6  Fmainmenu |    000159FF  Fmainmenu
ASxxxx Linker V03.00 + NoICE + sdld,  page 49.
Hexadecimal  [32-Bits]

Area                       Addr        Size        Decimal Bytes (Attributes)
--------------------       ----        ----        ------- ----- ------------
_CODE_1                00014000    000030B7 =       12471. bytes (REL,CON)

        Value  Global            Value  Global            Value  Global    
        -----  ------            -----  ------            -----  ------    
     00015A08  A$mainmen |    00015A08  C$mainmen |    00015A08  C$mainmen
     00015A08  G$handleM |    00015A08  _handleMa |    00015A0B  A$mainmen
     00015A0E  A$mainmen |    00015A0E  C$mainmen |    00015A11  A$mainmen
     00015A12  A$mainmen |    00015A15  A$mainmen |    00015A16  A$mainmen
     00015A18  A$mainmen |    00015A1A  A$mainmen |    00015A1C  A$mainmen
     00015A1E  A$mainmen |    00015A1E  C$mainmen |    00015A21  A$mainmen
     00015A22  A$mainmen |    00015A23  A$mainmen |    00015A25  A$mainmen
     00015A25  C$mainmen |    00015A26  A$mainmen |    00015A28  A$mainmen
     00015A28  C$mainmen |    00015A2B  A$mainmen |    00015A2D  A$mainmen
     00015A2D  C$mainmen |    00015A2F  A$mainmen |    00015A31  A$mainmen
     00015A33  A$mainmen |    00015A35  A$mainmen |    00015A35  C$mainmen
     00015A38  A$mainmen |    00015A3A  A$mainmen |    00015A3C  A$mainmen
     00015A3C  C$mainmen |    00015A3F  A$mainmen |    00015A40  A$mainmen
     00015A42  A$mainmen |    00015A42  C$mainmen |    00015A45  A$mainmen
     00015A47  A$mainmen |    00015A47  C$mainmen |    00015A49  A$mainmen
     00015A4B  A$mainmen |    00015A4D  A$mainmen |    00015A4F  A$mainmen
     00015A4F  C$mainmen |    00015A51  A$mainmen |    00015A52  A$mainmen
     00015A54  A$mainmen |    00015A55  A$mainmen |    00015A55  C$mainmen
     00015A58  A$mainmen |    00015A5A  A$mainmen |    00015A5A  C$mainmen
     00015A5A  XG$handle |    00015A5B  A$mainmen |    00015A5B  C$mainmen
     00015A5B  C$mainmen |    00015A5B  G$drawMai |    00015A5B  _drawMain
     00015A5E  A$mainmen |    00015A61  A$mainmen |    00015A62  A$mainmen
     00015A64  A$mainmen |    00015A64  C$mainmen |    00015A67  A$mainmen
     00015A68  A$mainmen |    00015A6A  A$mainmen |    00015A6D  A$mainmen
     00015A6E  A$mainmen |    00015A70  A$mainmen |    00015A73  A$mainmen
     00015A75  A$mainmen |    00015A77  A$mainmen |    00015A77  C$mainmen
     00015A7A  A$mainmen |    00015A7C  A$mainmen |    00015A7D  A$mainmen
     00015A7F  A$mainmen |    00015A7F  C$mainmen |    00015A81  A$mainmen
     00015A81  C$mainmen |    00015A84  A$mainmen |    00015A86  A$mainmen
     00015A87  A$mainmen |    00015A89  A$mainmen |    00015A89  C$mainmen
     00015A8B  A$mainmen |    00015A8B  C$mainmen |    00015A8E  A$mainmen
     00015A90  A$mainmen |    00015A91  A$mainmen |    00015A93  A$mainmen
     00015A93  C$mainmen |    00015A93  C$mainmen |    00015A96  A$mainmen
     00015A98  A$mainmen |    00015A9A  A$mainmen |    00015A9A  C$mainmen
     00015A9C  A$mainmen |    00015A9D  A$mainmen |    00015A9E  A$mainmen
     00015A9F  A$mainmen |    00015AA0  A$mainmen |    00015AA1  A$mainmen
     00015AA4  A$mainmen |    00015AA6  A$mainmen |    00015AA6  C$mainmen
     00015AA9  A$mainmen |    00015AAB  A$mainmen |    00015AAC  A$mainmen
     00015AAD  A$mainmen |    00015AAE  A$mainmen |    00015AAF  A$mainmen
     00015AB0  A$mainmen |    00015AB3  A$mainmen |    00015AB5  A$mainmen
     00015AB6  A$mainmen |    00015AB6  C$mainmen |    00015AB9  A$mainmen
     00015ABC  A$mainmen |    00015ABD  A$mainmen |    00015ABF  A$mainmen
     00015AC1  A$mainmen |    00015AC2  A$mainmen |    00015AC3  A$mainmen
     00015AC4  A$mainmen |    00015AC5  A$mainmen |    00015AC8  A$mainmen
     00015ACA  A$mainmen |    00015ACA  C$mainmen |    00015ACD  A$mainmen
     00015ACE  A$mainmen |    00015AD1  A$mainmen |    00015AD2  A$mainmen
     00015AD3  A$mainmen |    00015AD4  A$mainmen |    00015AD5  A$mainmen
     00015AD8  A$mainmen |    00015ADA  A$mainmen |    00015ADA  C$mainmen
     00015ADA  XG$drawMa |    00015ADB  A$mainmen |    00015ADB  C$mainmen
     00015ADB  G$mainmen |    00015ADB  _mainmenu |    00015ADE  A$mainmen
     00015ADF  A$mainmen |    00015AE0  A$mainmen |    00015AE1  A$mainmen
ASxxxx Linker V03.00 + NoICE + sdld,  page 50.
Hexadecimal  [32-Bits]

Area                       Addr        Size        Decimal Bytes (Attributes)
--------------------       ----        ----        ------- ----- ------------
_CODE_1                00014000    000030B7 =       12471. bytes (REL,CON)

        Value  Global            Value  Global            Value  Global    
        -----  ------            -----  ------            -----  ------    
     00015AE2  A$mainmen |    00015AE3  A$mainmen |    00015AE3  C$mainmen
     00015AE5  A$mainmen |    00015AE7  A$mainmen |    00015AE9  A$mainmen
     00015AE9  C$mainmen |    00015AE9  XG$mainme |    00015AEA  C$mainmen
     00015AEA  C$text_fo |    00015AEA  G$__func_ |    00015AEA  G$__func_
     00015AEA  G$tsCoCaG |    00015AEA  ___func_m |    00015AEA  ___func_t
     00015AEA  _tsCoCaGB |    00015AEE  G$tsCoCaG |    00015AEE  _tsCoCaGB
     00015AF2  Ftext_fon |    00015B58  Ftext_fon |    00015BBF  A$titlesc
     00015BBF  C$titlesc |    00015BBF  C$titlesc |    00015BBF  G$loadTit
     00015BBF  _loadTitl |    00015BC2  A$titlesc |    00015BC4  A$titlesc
     00015BC4  C$titlesc |    00015BC4  C$titlesc |    00015BC4  XG$loadTi
     00015BC7  A$titlesc |    00015BC7  C$titlesc |    00015BC7  C$titlesc
     00015BC7  G$drawTit |    00015BC7  XG$drawTi |    00015BC7  _drawTitl
     00015BC8  A$titlesc |    00015BC8  C$titlesc |    00015BC8  C$titlesc
     00015BC8  G$handleT |    00015BC8  _handleTi |    00015BCB  A$titlesc
     00015BCC  A$titlesc |    00015BCD  A$titlesc |    00015BCD  C$titlesc
     00015BD0  A$titlesc |    00015BD2  A$titlesc |    00015BD2  C$titlesc
     00015BD2  XG$handle |    00015BD3  C$Icon_Sm |    00015BD3  C$titlesc
     00015BD3  G$Icon_Sm |    00015BD3  G$__func_ |    00015BD3  G$__func_
     00015BD3  _Icon_Sma |    00015BD3  ___func_I |    00015BD3  ___func_t
     00015C13  C$Icons_t |    00015C13  G$Icons_t |    00015C13  G$__func_
     00015C13  _Icons_ti |    00015C13  ___func_I |    00015E13  C$Icon_XS
     00015E13  G$Icon_XS |    00015E13  G$__func_ |    00015E13  _Icon_XSm
     00015E13  ___func_I |    00015E53  C$sound_e |    00015E53  G$__func_
     00015E53  G$sound_e |    00015E53  ___func_s |    00015E53  _sound_ef
     00015F15  C$sound_e |    00015F15  G$__func_ |    00015F15  G$sound_e
     00015F15  ___func_s |    00015F15  _sound_ef |    000161AF  C$sound_e
     000161AF  G$__func_ |    000161AF  G$sound_e |    000161AF  ___func_s
     000161AF  _sound_ef |    0001627A  C$Font_Co |    0001627A  FFont_CoC
     0001627A  G$__func_ |    0001627A  ___func_F |    000162FA  FFont_CoC
     00016358  FFont_CoC |    00016648  G$Font_Co |    00016648  _Font_CoC
     0001664F  C$Font_co |    0001664F  FFont_con |    0001664F  G$__func_
     0001664F  ___func_F |    000166CF  FFont_con |    00016728  FFont_con
     000169F0  G$Font_co |    000169F0  _Font_con |    000169F7  C$Font_Mi
     000169F7  FFont_Min |    000169F7  G$__func_ |    000169F7  ___func_F
     00016A77  FFont_Min |    00016ABA  FFont_Min |    00016CD2  G$Font_Mi
     00016CD2  _Font_Min |    00016CD9  C$Font_Mi |    00016CD9  FFont_Min
     00016CD9  G$__func_ |    00016CD9  ___func_F |    00016D59  FFont_Min
     00016DB8  FFont_Min |    000170B0  G$Font_Mi |    000170B0  _Font_Min
ASxxxx Linker V03.00 + NoICE + sdld,  page 51.
Hexadecimal  [32-Bits]

Area                       Addr        Size        Decimal Bytes (Attributes)
--------------------       ----        ----        ------- ----- ------------
_CODE_255              00FF4000    00000000 =           0. bytes (REL,CON)

        Value  Global            Value  Global            Value  Global    
        -----  ------            -----  ------            -----  ------    
     00FF4000  C$Data_Mu |    00FF4000  C$Data_SF |    00FF4000  G$__func_
     00FF4000  G$__func_ |    00FF4000  ___func_D |    00FF4000  ___func_D
ASxxxx Linker V03.00 + NoICE + sdld,  page 52.
Hexadecimal  [32-Bits]

Area                       Addr        Size        Decimal Bytes (Attributes)
--------------------       ----        ----        ------- ----- ------------
_CODE_2                00024000    0000038E =         910. bytes (REL,CON)

        Value  Global            Value  Global            Value  Global    
        -----  ------            -----  ------            -----  ------    
     00024000  C$song_te |    00024000  Fsong_tem |    00024000  G$__func_
     00024000  ___func_s |    00024001  Fsong_tem |    000240C1  Fsong_tem
     00024181  Fsong_tem |    00024183  Fsong_tem |    00024185  Fsong_tem
     00024187  Fsong_tem |    00024189  Fsong_tem |    000241C5  Fsong_tem
     00024201  Fsong_tem |    00024279  Fsong_tem |    00024379  G$templat
     00024379  _template
ASxxxx Linker V03.00 + NoICE + sdld,  page 53.
Hexadecimal  [32-Bits]

Area                       Addr        Size        Decimal Bytes (Attributes)
--------------------       ----        ----        ------- ----- ------------
_HEADER_NESTED_TIM0    00000000    00000006 =           6. bytes (ABS,CON)

        Value  Global            Value  Global            Value  Global    
        -----  ------            -----  ------            -----  ------    
ASxxxx Linker V03.00 + NoICE + sdld,  page 54.

Files Linked                              [ module(s) ]

/home/mreichelt/workspace/gameboy_development/gbdk/lib/gb/crt0.o
                                          [ Runtime ]
obj/res/Font.rel                          [ Font ]
obj/res/Title_SalvageFrontier_map.rel     [ Title_SalvageFrontier_map ]
obj/res/Title_SalvageFrontier_tiles.rel   [ Title_SalvageFrontier_tiles ]
obj/res/Toggle1x2.rel                     [ Toggle1x2 ]
obj/res/WindowBorders.rel                 [ WindowBorders ]
obj/src/main.rel                          [ main ]
obj/src/rom0/common.rel                   [ common ]
obj/src/rom0/GraphicsLoader_FullScreen.rel
                                          [ GraphicsLoader_FullScreen ]
obj/src/rom0/GraphicsLoader_UI.rel        [ GraphicsLoader_UI ]
obj/src/rom0/musicmanager.rel             [ musicmanager ]
obj/src/rom0/sfxplayer.rel                [ sfxplayer ]
obj/src/scenes/debug_fonts_scene.rel      [ debug_fonts_scene ]
obj/src/scenes/debugmusic_scene.rel       [ debugmusic_scene ]
obj/src/scenes/debug_scene.rel            [ debug_scene ]
obj/src/scenes/mainmenu_scene.rel         [ mainmenu_scene ]
obj/src/scenes/text_font_info.rel         [ text_font_info ]
obj/src/scenes/titlescreen_scene.rel      [ titlescreen_scene ]
obj/src/vwf/vwf.rel                       [ vwf ]
obj/res/data/Data_Music.rel               [ Data_Music ]
obj/res/data/Data_SFX.rel                 [ Data_SFX ]
obj/res/icons/Icon_Small_Arrows.rel       [ Icon_Small_Arrows ]
obj/res/icons/Icons_tiles.rel             [ Icons_tiles ]
obj/res/icons/Icon_XSmall_Arrows.rel      [ Icon_XSmall_Arrows ]
obj/res/music/song_template.rel           [ song_template ]
obj/res/sfx/sound_effect1.rel             [ sound_effect1 ]
obj/res/sfx/sound_effect2.rel             [ sound_effect2 ]
obj/res/sfx/sound_effect3.rel             [ sound_effect3 ]
obj/res/fonts/Font_CoCa_GB_v2.rel         [ Font_CoCa_GB_v2 ]
obj/res/fonts/Font_condensed.rel          [ Font_condensed ]
obj/res/fonts/Font_Minimal3x5.rel         [ Font_Minimal3x5 ]
obj/res/fonts/Font_Minimal5x7.rel         [ Font_Minimal5x7 ]
obj/vwf_a.rel                             [  ]


Libraries Linked                          [ object file ]

/home/mreichelt/workspace/gameboy_development/gbdk/lib/sm83/sm83.lib
                                          [ itoa.o ]
hUGEDriver_b9.lib                         [ hUGEDriver.obj.o ]
/home/mreichelt/workspace/gameboy_development/gbdk/lib/sm83/sm83.lib
                                          [ _strcpy.o ]
/home/mreichelt/workspace/gameboy_development/gbdk/lib/gb/gb.lib
                                          [ set_1bit_data.o ]
/home/mreichelt/workspace/gameboy_development/gbdk/lib/gb/gb.lib
                                          [ set_tile.o ]
/home/mreichelt/workspace/gameboy_development/gbdk/lib/sm83/sm83.lib
                                          [ arand.o ]
/home/mreichelt/workspace/gameboy_development/gbdk/lib/gb/gb.lib
                                          [ sfr.o ]
/home/mreichelt/workspace/gameboy_development/gbdk/lib/gb/gb.lib
                                          [ tim_nested.o ]
/home/mreichelt/workspace/gameboy_development/gbdk/lib/gb/gb.lib
                                          [ tim_common.o ]
/home/mreichelt/workspace/gameboy_development/gbdk/lib/gb/gb.lib
                                          [ pad.o ]
/home/mreichelt/workspace/gameboy_development/gbdk/lib/sm83/sm83.lib
                                          [ memcpy.o ]
/home/mreichelt/workspace/gameboy_development/gbdk/lib/gb/gb.lib
                                          [ ___sdcc_bcall_ehl.o ]
/home/mreichelt/workspace/gameboy_development/gbdk/lib/gb/gb.lib
                                          [ set_xy_t.o ]
/home/mreichelt/workspace/gameboy_development/gbdk/lib/sm83/sm83.lib
                                          [ strcat.o ]
/home/mreichelt/workspace/gameboy_development/gbdk/lib/sm83/sm83.lib
                                          [ strlen.o ]
/home/mreichelt/workspace/gameboy_development/gbdk/lib/gb/gb.lib
                                          [ set_data.o ]
/home/mreichelt/workspace/gameboy_development/gbdk/lib/gb/gb.lib
                                          [ set_bk_t.o ]
/home/mreichelt/workspace/gameboy_development/gbdk/lib/sm83/sm83.lib
                                          [ rand.o ]
/home/mreichelt/workspace/gameboy_development/gbdk/lib/gb/gb.lib
                                          [ color.o ]

ASxxxx Linker V03.00 + NoICE + sdld,  page 55.

User Base Address Definitions

_DATA=0xC0A0
_CODE=0x0200
ASxxxx Linker V03.00 + NoICE + sdld,  page 56.

User Global Definitions

_shadow_OAM=0xC000
.STACK=0xE000
.refresh_OAM=0xFF80

